(module
  (type (;0;) (func))
  (type (;1;) (func (param i64)))
  (import "spectest" "finite_wasm_gas" (func (;0;) (type 1)))
  (import "spectest" "finite_wasm_stack" (func (;1;) (type 1)))
  (func (;2;) (type 0)
    i64.const 1000000000000
    call 1
    unreachable
    i32.trunc_sat_f32_s
    unreachable
    i32.trunc_sat_f32_u
    unreachable
    i64.trunc_sat_f64_s
    unreachable
    i64.trunc_sat_f64_u
    unreachable
  )
)