(module
  (type (;0;) (func (result f32)))
  (type (;1;) (func (param i64)))
  (import "spectest" "finite_wasm_gas" (func (;0;) (type 1)))
  (import "spectest" "finite_wasm_stack" (func (;1;) (type 1)))
  (func (;2;) (type 0) (result f32)
    i64.const 1000000000004
    call 1
    f32.const -0x1.000004p+50 (;=-1125900200000000;)
    i64.const 2
    call 0
  )
  (export "f" (func 2))
)