(module
  (type (;0;) (func))
  (type (;1;) (func (param i64)))
  (import "spectest" "finite_wasm_gas" (func $finite_wasm_gas (;0;) (type 1)))
  (import "spectest" "finite_wasm_stack" (func $finite_wasm_stack (;1;) (type 1)))
  (func $f (;2;) (type 0))
  (func $g (;3;) (type 0))
  (table $t (;0;) 10 funcref)
  (elem (;0;) func)
  (elem (;1;) func)
  (elem (;2;) func)
  (elem (;3;) func)
  (elem $p1 (;4;) func)
  (elem $p2 (;5;) func)
  (elem $p3 (;6;) func)
  (elem $p4 (;7;) func)
  (elem (;8;) (i32.const 0) func)
  (elem (;9;) (i32.const 0) func)
  (elem (;10;) (i32.const 0) func)
  (elem (;11;) (i32.const 0) func)
  (elem (;12;) (i32.const 0) func)
  (elem (;13;) (i32.const 0) func)
  (elem (;14;) (i32.const 0) func)
  (elem (;15;) (i32.const 0) func)
  (elem (;16;) (i32.const 0) func)
  (elem (;17;) (i32.const 0) func)
  (elem (;18;) (i32.const 0) func)
  (elem (;19;) (i32.const 0) func)
  (elem (;20;) (i32.const 0) func)
  (elem (;21;) (i32.const 0) func)
  (elem (;22;) (i32.const 0) func)
  (elem (;23;) (i32.const 0) func)
  (elem (;24;) (i32.const 0) func)
  (elem (;25;) (i32.const 0) func)
  (elem (;26;) (i32.const 0) func)
  (elem (;27;) (i32.const 0) func)
  (elem (;28;) (i32.const 0) func)
  (elem (;29;) (i32.const 0) func)
  (elem (;30;) (i32.const 0) func)
  (elem $a1 (;31;) (i32.const 0) func)
  (elem $a2 (;32;) (i32.const 0) func)
  (elem $a3 (;33;) (i32.const 0) func)
  (elem $a4 (;34;) (i32.const 0) func)
  (elem $a9 (;35;) (i32.const 0) func)
  (elem $a10 (;36;) (i32.const 0) func)
  (elem $a11 (;37;) (i32.const 0) func)
  (elem $a12 (;38;) (i32.const 0) func)
  (elem $a13 (;39;) (i32.const 0) func)
  (elem $a14 (;40;) (i32.const 0) func)
  (elem $a15 (;41;) (i32.const 0) func)
  (elem $a16 (;42;) (i32.const 0) func)
  (elem $a17 (;43;) (i32.const 0) func)
  (elem $a18 (;44;) (i32.const 0) func)
  (elem $a19 (;45;) (i32.const 0) func)
  (elem $a20 (;46;) (i32.const 0) func)
  (elem $a21 (;47;) (i32.const 0) func)
  (elem $a22 (;48;) (i32.const 0) func)
  (elem $a23 (;49;) (i32.const 0) func)
  (elem $a24 (;50;) (i32.const 0) func)
  (elem $a25 (;51;) (i32.const 0) func)
  (elem $a26 (;52;) (i32.const 0) func)
  (elem (;53;) declare func)
  (elem (;54;) declare func)
  (elem (;55;) declare func)
  (elem (;56;) declare func)
  (elem $d1 (;57;) declare func)
  (elem $d2 (;58;) declare func)
  (elem $d3 (;59;) declare func)
  (elem $d4 (;60;) declare func)
)