(module $module2
  (type $out-i32 (;0;) (func (result i32)))
  (type (;1;) (func (param i64)))
  (import "spectest" "finite_wasm_gas" (func $finite_wasm_gas (;0;) (type 1)))
  (import "spectest" "finite_wasm_stack" (func $finite_wasm_stack (;1;) (type 1)))
  (import "module1" "shared-table" (table (;0;) 10 funcref))
  (func $const-i32-c (;2;) (type $out-i32) (result i32)
    i64.const 1000000000004
    call $const-i32-c
    i32.const 67
    i64.const 2
    call $finite_wasm_stack
  )
  (func $const-i32-d (;3;) (type $out-i32) (result i32)
    i64.const 1000000000004
    call $const-i32-c
    i32.const 68
    i64.const 2
    call $finite_wasm_stack
  )
  (elem (;0;) (i32.const 7) func)
  (elem (;1;) (i32.const 8) func)
)