(module
  (type (;0;) (func (param f32 f32) (result f32)))
  (type (;1;) (func (param f32) (result f32)))
  (type (;2;) (func (param i64)))
  (import "spectest" "finite_wasm_gas" (func (;0;) (type 2)))
  (import "spectest" "finite_wasm_stack" (func (;1;) (type 2)))
  (func (;2;) (type 0) (param $x f32) (param $y f32) (result f32)
    local.get $x
    local.get $y
    f32.add
  )
  (func (;3;) (type 0) (param $x f32) (param $y f32) (result f32)
    local.get $x
    local.get $y
    f32.sub
  )
  (func (;4;) (type 0) (param $x f32) (param $y f32) (result f32)
    local.get $x
    local.get $y
    f32.mul
  )
  (func (;5;) (type 0) (param $x f32) (param $y f32) (result f32)
    local.get $x
    local.get $y
    f32.div
  )
  (func (;6;) (type 1) (param $x f32) (result f32)
    local.get $x
    f32.sqrt
  )
  (func (;7;) (type 0) (param $x f32) (param $y f32) (result f32)
    local.get $x
    local.get $y
    f32.min
  )
  (func (;8;) (type 0) (param $x f32) (param $y f32) (result f32)
    local.get $x
    local.get $y
    f32.max
  )
  (func (;9;) (type 1) (param $x f32) (result f32)
    local.get $x
    f32.ceil
  )
  (func (;10;) (type 1) (param $x f32) (result f32)
    local.get $x
    f32.floor
  )
  (func (;11;) (type 1) (param $x f32) (result f32)
    local.get $x
    f32.trunc
  )
  (func (;12;) (type 1) (param $x f32) (result f32)
    local.get $x
    f32.nearest
  )
  (export "add" (func 2))
  (export "sub" (func 3))
  (export "mul" (func 4))
  (export "div" (func 5))
  (export "sqrt" (func 6))
  (export "min" (func 7))
  (export "max" (func 8))
  (export "ceil" (func 9))
  (export "floor" (func 10))
  (export "trunc" (func 11))
  (export "nearest" (func 12))
)