(module
  (type (;0;) (func (param f32 f32) (result i32)))
  (type (;1;) (func (param i64)))
  (import "spectest" "finite_wasm_gas" (func (;0;) (type 1)))
  (import "spectest" "finite_wasm_stack" (func (;1;) (type 1)))
  (func (;2;) (type 0) (param $x f32) (param $y f32) (result i32)
    i64.const 1000001000008
    call 1
    local.get $x
    i64.const 4
    call 0
    local.get $y
    f32.eq
  )
  (func (;3;) (type 0) (param $x f32) (param $y f32) (result i32)
    i64.const 1000001000008
    call 1
    local.get $x
    i64.const 4
    call 0
    local.get $y
    f32.ne
  )
  (func (;4;) (type 0) (param $x f32) (param $y f32) (result i32)
    i64.const 1000001000008
    call 1
    local.get $x
    i64.const 4
    call 0
    local.get $y
    f32.lt
  )
  (func (;5;) (type 0) (param $x f32) (param $y f32) (result i32)
    i64.const 1000001000008
    call 1
    local.get $x
    i64.const 4
    call 0
    local.get $y
    f32.le
  )
  (func (;6;) (type 0) (param $x f32) (param $y f32) (result i32)
    i64.const 1000001000008
    call 1
    local.get $x
    i64.const 4
    call 0
    local.get $y
    f32.gt
  )
  (func (;7;) (type 0) (param $x f32) (param $y f32) (result i32)
    i64.const 1000001000008
    call 1
    local.get $x
    i64.const 4
    call 0
    local.get $y
    f32.ge
  )
  (export "eq" (func 2))
  (export "ne" (func 3))
  (export "lt" (func 4))
  (export "le" (func 5))
  (export "gt" (func 6))
  (export "ge" (func 7))
)