(module
  (type (;0;) (func (param i32 f64)))
  (type (;1;) (func (param i32) (result f64)))
  (type (;2;) (func (param i64)))
  (import "spectest" "finite_wasm_gas" (func (;0;) (type 2)))
  (import "spectest" "finite_wasm_stack" (func (;1;) (type 2)))
  (func (;2;) (type 0) (param $i i32) (param $x f64)
    i64.const 1000001000012
    call 1
    local.get $i
    i64.const 2
    call 0
    local.get $x
    f64.store
    i64.const 1
    call 0
    end
    i64.const 1
    call 0
  )
  (func (;3;) (type 0) (param $n i32) (param $z f64)
    (local $i i32)
    i64.const 1000002000020
    call 1
    block $exit ;; label = @1
      i64.const 1
      call 0
      loop $cont ;; label = @2
        i64.const 1
        call 0
        local.get $i
        i64.const 2
        call 0
        local.get $i
        f64.load
        i64.const 1
        call 0
        local.get $z
        i64.const 2
        call 0
        f64.div
        f64.store
        i64.const 1
        call 0
        local.get $i
        i64.const 7
        call 0
        i32.const 8
        i32.add
        local.set $i
        local.get $i
        local.get $n
        i32.lt_u
        br_if 0 (;@2;)
        i64.const 1
        call 0
      end
      i64.const 3
      call 0
    end
  )
  (func (;4;) (type 1) (param $i i32) (result f64)
    i64.const 1000000000008
    call 1
    local.get $i
    i64.const 1
    call 0
    f64.load
    i64.const 1
    call 0
    end
    i64.const 1
    call 0
  )
  (memory (;0;) 1 1)
  (export "init" (func 2))
  (export "run" (func 3))
  (export "check" (func 4))
)