(module
  (type (;0;) (func (param f32 f32 f32) (result f32)))
  (type (;1;) (func (param f64 f64 f64) (result f64)))
  (type (;2;) (func (param i64)))
  (import "spectest" "finite_wasm_gas" (func (;0;) (type 2)))
  (import "spectest" "finite_wasm_stack" (func (;1;) (type 2)))
  (func (;2;) (type 0) (param $a f32) (param $b f32) (param $c f32) (result f32)
    i64.const 1000002000012
    call 1
    local.get $a
    local.get $b
    local.get $c
    f32.sqrt
    f32.add
    f32.mul
  )
  (func (;3;) (type 1) (param $a f64) (param $b f64) (param $c f64) (result f64)
    i64.const 1000002000024
    call 1
    local.get $a
    local.get $b
    local.get $c
    f64.sqrt
    f64.add
    f64.mul
  )
  (export "f32.golden_ratio" (func 2))
  (export "f64.golden_ratio" (func 3))
)