(module
  (type (;0;) (func (result f32)))
  (type (;1;) (func (result f64)))
  (type (;2;) (func (param i64)))
  (import "spectest" "finite_wasm_gas" (func (;0;) (type 2)))
  (import "spectest" "finite_wasm_stack" (func (;1;) (type 2)))
  (func (;2;) (type 0) (result f32)
    i64.const 1000000000016
    call 1
    i64.const 10
    call 0
    f32.const 0x1p+0 (;=1;)
    f32.const 0x1.8p+1 (;=3;)
    f32.const 0x1p+2 (;=4;)
    f32.const 0x1.8p+1 (;=3;)
    f32.div
    f32.const 0x1p+0 (;=1;)
    f32.sub
    f32.mul
    f32.sub
  )
  (func (;3;) (type 1) (result f64)
    i64.const 1000000000032
    call 1
    i64.const 10
    call 0
    f64.const 0x1p+0 (;=1;)
    f64.const 0x1.8p+1 (;=3;)
    f64.const 0x1p+2 (;=4;)
    f64.const 0x1.8p+1 (;=3;)
    f64.div
    f64.const 0x1p+0 (;=1;)
    f64.sub
    f64.mul
    f64.sub
  )
  (export "f32.epsilon" (func 2))
  (export "f64.epsilon" (func 3))
)