(module
  (type (;0;) (func (result f64)))
  (type (;1;) (func (result i64)))
  (type (;2;) (func))
  (type (;3;) (func (param i64)))
  (import "spectest" "finite_wasm_gas" (func (;0;) (type 3)))
  (import "spectest" "finite_wasm_stack" (func (;1;) (type 3)))
  (func (;2;) (type 0) (result f64)
    i64.const 1000000000008
    call 1
    i32.const 0
    i64.const 1
    call 0
    f64.load
    i64.const 1
    call 0
    end
    i64.const 1
    call 0
  )
  (func (;3;) (type 1) (result i64)
    i64.const 1000000000008
    call 1
    i32.const 0
    i64.const 1
    call 0
    i64.load
    i64.const 1
    call 0
    end
    i64.const 1
    call 0
  )
  (func (;4;) (type 2)
    i64.const 1000000000012
    call 1
    i32.const 0
    i64.const 2
    call 0
    f64.const nan:0xc000000000001 (;=NaN;)
    f64.store
    i64.const 1
    call 0
    end
    i64.const 1
    call 0
  )
  (func (;5;) (type 2)
    i64.const 1000000000012
    call 1
    i32.const 0
    i64.const 2
    call 0
    i64.const 9222246136947933185
    i64.store
    i64.const 1
    call 0
    end
    i64.const 1
    call 0
  )
  (func (;6;) (type 2)
    i64.const 1000000000012
    call 1
    i32.const 0
    i64.const 2
    call 0
    i64.const 0
    i64.store
    i64.const 1
    call 0
    end
    i64.const 1
    call 0
  )
  (memory (;0;) 1 1)
  (export "f64.load" (func 2))
  (export "i64.load" (func 3))
  (export "f64.store" (func 4))
  (export "i64.store" (func 5))
  (export "reset" (func 6))
  (data (;0;) (i32.const 0) "\01\00\00\00\00\00\fc\7f")
)