(module
  (type $T (;0;) (func (result i32)))
  (type (;1;) (func (param i32) (result i32)))
  (type (;2;) (func (param i64)))
  (import "spectest" "finite_wasm_gas" (func $finite_wasm_gas (;0;) (type 2)))
  (import "spectest" "finite_wasm_stack" (func $finite_wasm_stack (;1;) (type 2)))
  (func $t1 (;2;) (type $T) (result i32)
    i64.const 1000000000004
    call $finite_wasm_stack
    i32.const 1
  )
  (func $t2 (;3;) (type $T) (result i32)
    i64.const 1000000000004
    call $finite_wasm_stack
    i32.const 2
  )
  (func (;4;) (type 1) (param $i i32) (result i32)
    i64.const 1000000000008
    call $finite_wasm_stack
    local.get $i
    call_indirect (type $T)
  )
  (table (;0;) 2 2 funcref)
  (export "callt" (func 4))
  (elem (;0;) (i32.const 0) func)
)