(module
  (type (;0;) (func (result i32)))
  (type (;1;) (func (param i64)))
  (import "spectest" "finite_wasm_gas" (func (;0;) (type 1)))
  (import "spectest" "finite_wasm_stack" (func (;1;) (type 1)))
  (import "spectest" "global_i32" (global (;0;) i32))
  (import "spectest" "global_i32" (global (;1;) i32))
  (import "spectest" "global_i32" (global $x (;2;) i32))
  (import "spectest" "global_i32" (global $y (;3;) i32))
  (import "spectest" "global_f32" (global (;4;) f32))
  (import "spectest" "global_f64" (global (;5;) f64))
  (func (;2;) (type 0) (result i32)
    i64.const 1000000000004
    call 7
    global.get 0
    i64.const 2
    call 6
  )
  (func (;3;) (type 0) (result i32)
    i64.const 1000000000004
    call 7
    global.get 1
    i64.const 2
    call 6
  )
  (func (;4;) (type 0) (result i32)
    i64.const 1000000000004
    call 7
    global.get $x
    i64.const 2
    call 6
  )
  (func (;5;) (type 0) (result i32)
    i64.const 1000000000004
    call 7
    global.get $y
    i64.const 2
    call 6
  )
  (export "get-0" (func 2))
  (export "get-1" (func 3))
  (export "get-x" (func 4))
  (export "get-y" (func 5))
)