(module
  (type (;0;) (func (result i32)))
  (type (;1;) (func (result i64)))
  (type (;2;) (func (param i64)))
  (type (;3;) (func (param i64 i64)))
  (import "spectest" "finite_wasm_gas" (func (;0;) (type 2)))
  (import "spectest" "finite_wasm_stack" (func (;1;) (type 3)))
  (func (;2;) (type 0) (result i32)
    block (result i32) ;; label = @1
      i64.const 4
      i64.const 0
      call 1
      i64.const 2
      call 0
      i32.const 195940365
      i64.const -4
      i64.const 0
      nop
      call 1
      return
    end
    i64.const -4
    i64.const 0
    nop
    call 1
  )
  (func (;3;) (type 0) (result i32)
    block (result i32) ;; label = @1
      i64.const 4
      i64.const 0
      call 1
      i64.const 2
      call 0
      i32.const -1
      i64.const -4
      i64.const 0
      nop
      call 1
      return
    end
    i64.const -4
    i64.const 0
    nop
    call 1
  )
  (func (;4;) (type 0) (result i32)
    block (result i32) ;; label = @1
      i64.const 4
      i64.const 0
      call 1
      i64.const 2
      call 0
      i32.const 2147483647
      i64.const -4
      i64.const 0
      nop
      call 1
      return
    end
    i64.const -4
    i64.const 0
    nop
    call 1
  )
  (func (;5;) (type 0) (result i32)
    block (result i32) ;; label = @1
      i64.const 4
      i64.const 0
      call 1
      i64.const 2
      call 0
      i32.const -2147483647
      i64.const -4
      i64.const 0
      nop
      call 1
      return
    end
    i64.const -4
    i64.const 0
    nop
    call 1
  )
  (func (;6;) (type 0) (result i32)
    block (result i32) ;; label = @1
      i64.const 4
      i64.const 0
      call 1
      i64.const 2
      call 0
      i32.const -2147483648
      i64.const -4
      i64.const 0
      nop
      call 1
      return
    end
    i64.const -4
    i64.const 0
    nop
    call 1
  )
  (func (;7;) (type 0) (result i32)
    block (result i32) ;; label = @1
      i64.const 4
      i64.const 0
      call 1
      i64.const 2
      call 0
      i32.const -2147483648
      i64.const -4
      i64.const 0
      nop
      call 1
      return
    end
    i64.const -4
    i64.const 0
    nop
    call 1
  )
  (func (;8;) (type 0) (result i32)
    block (result i32) ;; label = @1
      i64.const 8
      i64.const 0
      call 1
      i64.const 4
      call 0
      i32.const -2147483648
      i32.const 1
      i32.add
      i64.const -8
      i64.const 0
      nop
      call 1
      return
    end
    i64.const -8
    i64.const 0
    nop
    call 1
  )
  (func (;9;) (type 0) (result i32)
    block (result i32) ;; label = @1
      i64.const 4
      i64.const 0
      call 1
      i64.const 2
      call 0
      i32.const 0
      i64.const -4
      i64.const 0
      nop
      call 1
      return
    end
    i64.const -4
    i64.const 0
    nop
    call 1
  )
  (func (;10;) (type 0) (result i32)
    block (result i32) ;; label = @1
      i64.const 4
      i64.const 0
      call 1
      i64.const 2
      call 0
      i32.const 10
      i64.const -4
      i64.const 0
      nop
      call 1
      return
    end
    i64.const -4
    i64.const 0
    nop
    call 1
  )
  (func (;11;) (type 0) (result i32)
    block (result i32) ;; label = @1
      i64.const 4
      i64.const 0
      call 1
      i64.const 2
      call 0
      i32.const -1
      i64.const -4
      i64.const 0
      nop
      call 1
      return
    end
    i64.const -4
    i64.const 0
    nop
    call 1
  )
  (func (;12;) (type 0) (result i32)
    block (result i32) ;; label = @1
      i64.const 4
      i64.const 0
      call 1
      i64.const 2
      call 0
      i32.const 42
      i64.const -4
      i64.const 0
      nop
      call 1
      return
    end
    i64.const -4
    i64.const 0
    nop
    call 1
  )
  (func (;13;) (type 1) (result i64)
    block (result i64) ;; label = @1
      i64.const 8
      i64.const 0
      call 1
      i64.const 2
      call 0
      i64.const 913028331277281902
      i64.const -8
      i64.const 0
      nop
      call 1
      return
    end
    i64.const -8
    i64.const 0
    nop
    call 1
  )
  (func (;14;) (type 1) (result i64)
    block (result i64) ;; label = @1
      i64.const 8
      i64.const 0
      call 1
      i64.const 2
      call 0
      i64.const -1
      i64.const -8
      i64.const 0
      nop
      call 1
      return
    end
    i64.const -8
    i64.const 0
    nop
    call 1
  )
  (func (;15;) (type 1) (result i64)
    block (result i64) ;; label = @1
      i64.const 8
      i64.const 0
      call 1
      i64.const 2
      call 0
      i64.const 9223372036854775807
      i64.const -8
      i64.const 0
      nop
      call 1
      return
    end
    i64.const -8
    i64.const 0
    nop
    call 1
  )
  (func (;16;) (type 1) (result i64)
    block (result i64) ;; label = @1
      i64.const 8
      i64.const 0
      call 1
      i64.const 2
      call 0
      i64.const -9223372036854775807
      i64.const -8
      i64.const 0
      nop
      call 1
      return
    end
    i64.const -8
    i64.const 0
    nop
    call 1
  )
  (func (;17;) (type 1) (result i64)
    block (result i64) ;; label = @1
      i64.const 8
      i64.const 0
      call 1
      i64.const 2
      call 0
      i64.const -9223372036854775808
      i64.const -8
      i64.const 0
      nop
      call 1
      return
    end
    i64.const -8
    i64.const 0
    nop
    call 1
  )
  (func (;18;) (type 1) (result i64)
    block (result i64) ;; label = @1
      i64.const 8
      i64.const 0
      call 1
      i64.const 2
      call 0
      i64.const -9223372036854775808
      i64.const -8
      i64.const 0
      nop
      call 1
      return
    end
    i64.const -8
    i64.const 0
    nop
    call 1
  )
  (func (;19;) (type 1) (result i64)
    block (result i64) ;; label = @1
      i64.const 16
      i64.const 0
      call 1
      i64.const 4
      call 0
      i64.const -9223372036854775808
      i64.const 1
      i64.add
      i64.const -16
      i64.const 0
      nop
      call 1
      return
    end
    i64.const -16
    i64.const 0
    nop
    call 1
  )
  (func (;20;) (type 1) (result i64)
    block (result i64) ;; label = @1
      i64.const 8
      i64.const 0
      call 1
      i64.const 2
      call 0
      i64.const 0
      i64.const -8
      i64.const 0
      nop
      call 1
      return
    end
    i64.const -8
    i64.const 0
    nop
    call 1
  )
  (func (;21;) (type 1) (result i64)
    block (result i64) ;; label = @1
      i64.const 8
      i64.const 0
      call 1
      i64.const 2
      call 0
      i64.const 10
      i64.const -8
      i64.const 0
      nop
      call 1
      return
    end
    i64.const -8
    i64.const 0
    nop
    call 1
  )
  (func (;22;) (type 1) (result i64)
    block (result i64) ;; label = @1
      i64.const 8
      i64.const 0
      call 1
      i64.const 2
      call 0
      i64.const -1
      i64.const -8
      i64.const 0
      nop
      call 1
      return
    end
    i64.const -8
    i64.const 0
    nop
    call 1
  )
  (func (;23;) (type 1) (result i64)
    block (result i64) ;; label = @1
      i64.const 8
      i64.const 0
      call 1
      i64.const 2
      call 0
      i64.const 42
      i64.const -8
      i64.const 0
      nop
      call 1
      return
    end
    i64.const -8
    i64.const 0
    nop
    call 1
  )
  (func (;24;) (type 0) (result i32)
    block (result i32) ;; label = @1
      i64.const 4
      i64.const 0
      call 1
      i64.const 1
      call 0
      i32.const 1000000
    end
    i64.const -4
    i64.const 0
    nop
    call 1
  )
  (func (;25;) (type 0) (result i32)
    block (result i32) ;; label = @1
      i64.const 4
      i64.const 0
      call 1
      i64.const 1
      call 0
      i32.const 1000
    end
    i64.const -4
    i64.const 0
    nop
    call 1
  )
  (func (;26;) (type 0) (result i32)
    block (result i32) ;; label = @1
      i64.const 4
      i64.const 0
      call 1
      i64.const 1
      call 0
      i32.const 168755353
    end
    i64.const -4
    i64.const 0
    nop
    call 1
  )
  (func (;27;) (type 0) (result i32)
    block (result i32) ;; label = @1
      i64.const 4
      i64.const 0
      call 1
      i64.const 1
      call 0
      i32.const 109071
    end
    i64.const -4
    i64.const 0
    nop
    call 1
  )
  (func (;28;) (type 1) (result i64)
    block (result i64) ;; label = @1
      i64.const 8
      i64.const 0
      call 1
      i64.const 1
      call 0
      i64.const 1000000
    end
    i64.const -8
    i64.const 0
    nop
    call 1
  )
  (func (;29;) (type 1) (result i64)
    block (result i64) ;; label = @1
      i64.const 8
      i64.const 0
      call 1
      i64.const 1
      call 0
      i64.const 1000
    end
    i64.const -8
    i64.const 0
    nop
    call 1
  )
  (func (;30;) (type 1) (result i64)
    block (result i64) ;; label = @1
      i64.const 8
      i64.const 0
      call 1
      i64.const 1
      call 0
      i64.const 3078696982321561
    end
    i64.const -8
    i64.const 0
    nop
    call 1
  )
  (func (;31;) (type 1) (result i64)
    block (result i64) ;; label = @1
      i64.const 8
      i64.const 0
      call 1
      i64.const 1
      call 0
      i64.const 109071
    end
    i64.const -8
    i64.const 0
    nop
    call 1
  )
  (export "i32.test" (func 2))
  (export "i32.umax" (func 3))
  (export "i32.smax" (func 4))
  (export "i32.neg_smax" (func 5))
  (export "i32.smin" (func 6))
  (export "i32.alt_smin" (func 7))
  (export "i32.inc_smin" (func 8))
  (export "i32.neg_zero" (func 9))
  (export "i32.not_octal" (func 10))
  (export "i32.unsigned_decimal" (func 11))
  (export "i32.plus_sign" (func 12))
  (export "i64.test" (func 13))
  (export "i64.umax" (func 14))
  (export "i64.smax" (func 15))
  (export "i64.neg_smax" (func 16))
  (export "i64.smin" (func 17))
  (export "i64.alt_smin" (func 18))
  (export "i64.inc_smin" (func 19))
  (export "i64.neg_zero" (func 20))
  (export "i64.not_octal" (func 21))
  (export "i64.unsigned_decimal" (func 22))
  (export "i64.plus_sign" (func 23))
  (export "i32-dec-sep1" (func 24))
  (export "i32-dec-sep2" (func 25))
  (export "i32-hex-sep1" (func 26))
  (export "i32-hex-sep2" (func 27))
  (export "i64-dec-sep1" (func 28))
  (export "i64-dec-sep2" (func 29))
  (export "i64-hex-sep1" (func 30))
  (export "i64-hex-sep2" (func 31))
)
(assert_return (invoke "i32.test") (i32.const 195940365))
(assert_return (invoke "i32.umax") (i32.const -1))
(assert_return (invoke "i32.smax") (i32.const 2147483647))
(assert_return (invoke "i32.neg_smax") (i32.const -2147483647))
(assert_return (invoke "i32.smin") (i32.const -2147483648))
(assert_return (invoke "i32.alt_smin") (i32.const -2147483648))
(assert_return (invoke "i32.inc_smin") (i32.const -2147483647))
(assert_return (invoke "i32.neg_zero") (i32.const 0))
(assert_return (invoke "i32.not_octal") (i32.const 10))
(assert_return (invoke "i32.unsigned_decimal") (i32.const -1))
(assert_return (invoke "i32.plus_sign") (i32.const 42))

(assert_return (invoke "i64.test") (i64.const 913028331277281902))
(assert_return (invoke "i64.umax") (i64.const -1))
(assert_return (invoke "i64.smax") (i64.const 9223372036854775807))
(assert_return (invoke "i64.neg_smax") (i64.const -9223372036854775807))
(assert_return (invoke "i64.smin") (i64.const -9223372036854775808))
(assert_return (invoke "i64.alt_smin") (i64.const -9223372036854775808))
(assert_return (invoke "i64.inc_smin") (i64.const -9223372036854775807))
(assert_return (invoke "i64.neg_zero") (i64.const 0))
(assert_return (invoke "i64.not_octal") (i64.const 10))
(assert_return (invoke "i64.unsigned_decimal") (i64.const -1))
(assert_return (invoke "i64.plus_sign") (i64.const 42))

(assert_return (invoke "i32-dec-sep1") (i32.const 1000000))
(assert_return (invoke "i32-dec-sep2") (i32.const 1000))
(assert_return (invoke "i32-hex-sep1") (i32.const 0xa0f0099))
(assert_return (invoke "i32-hex-sep2") (i32.const 0x1aa0f))

(assert_return (invoke "i64-dec-sep1") (i64.const 1000000))
(assert_return (invoke "i64-dec-sep2") (i64.const 1000))
(assert_return (invoke "i64-hex-sep1") (i64.const 0xaf00f00009999))
(assert_return (invoke "i64-hex-sep2") (i64.const 0x1aa0f))

