(module $Nm
  (type (;0;) (func (param i32) (result i32)))
  (type (;1;) (func (param i64)))
  (import "spectest" "finite_wasm_gas" (func $finite_wasm_gas (;0;) (type 1)))
  (import "spectest" "finite_wasm_stack" (func $finite_wasm_stack (;1;) (type 1)))
  (import "Mm" "load" (func $loadM (;2;) (type 0)))
  (func (;3;) (type 0) (param $a i32) (result i32)
    i64.const 0
    call $loadM
    i64.const 1
    call $finite_wasm_stack
    local.get $a
    i64.const 1
    call $finite_wasm_stack
    i32.load8_u
    i64.const 1
    call $finite_wasm_stack
  )
  (memory (;0;) 1)
  (export "Mm.load" (func $loadM))
  (export "load" (func 3))
  (data (;0;) (i32.const 10) "\f0\f1\f2\f3\f4\f5")
)