(module $Nf
  (type (;0;) (func (result i32)))
  (type (;1;) (func (param i64)))
  (import "spectest" "finite_wasm_gas" (func $finite_wasm_gas (;0;) (type 1)))
  (import "spectest" "finite_wasm_stack" (func $finite_wasm_stack (;1;) (type 1)))
  (import "Mf" "call" (func $f (;2;) (type 0)))
  (func (;3;) (type 0) (result i32)
    i64.const 0
    call $f
    i64.const 1
    call $finite_wasm_stack
    call $f
    i64.const 1
    call $finite_wasm_stack
  )
  (func (;4;) (type 0) (result i32)
    i64.const 1000000000004
    call $f
    i64.const 1
    call $finite_wasm_stack
    call $g
    i64.const 1
    call $finite_wasm_stack
  )
  (func $g (;5;) (type 0) (result i32)
    i64.const 1000000000004
    call $f
    i64.const 2
    call $finite_wasm_stack
    i32.const 3
  )
  (export "Mf.call" (func $f))
  (export "call Mf.call" (func 3))
  (export "call" (func 4))
)