(module
  (type (;0;) (func))
  (type (;1;) (func (param i32 i32 i32) (result i32)))
  (type (;2;) (func (param i64)))
  (import "spectest" "finite_wasm_gas" (func (;0;) (type 2)))
  (import "spectest" "finite_wasm_stack" (func (;1;) (type 2)))
  (func (;2;) (type 0)
    i64.const 1000000000012
    call 1
    i64.const 3
    call 0
    i32.const 17767
    i32.const 1
    i32.const 1344
    i64.const 1
    call 0
    memory.fill
    i64.const 3
    call 0
    i32.const 39017
    i32.const 2
    i32.const 1055
    i64.const 1
    call 0
    memory.fill
    i64.const 3
    call 0
    i32.const 56401
    i32.const 3
    i32.const 988
    i64.const 1
    call 0
    memory.fill
    i64.const 3
    call 0
    i32.const 37962
    i32.const 4
    i32.const 322
    i64.const 1
    call 0
    memory.fill
    i64.const 3
    call 0
    i32.const 7977
    i32.const 5
    i32.const 1994
    i64.const 1
    call 0
    memory.fill
    i64.const 3
    call 0
    i32.const 22714
    i32.const 6
    i32.const 3036
    i64.const 1
    call 0
    memory.fill
    i64.const 3
    call 0
    i32.const 16882
    i32.const 7
    i32.const 2372
    i64.const 1
    call 0
    memory.fill
    i64.const 3
    call 0
    i32.const 43491
    i32.const 8
    i32.const 835
    i64.const 1
    call 0
    memory.fill
    i64.const 3
    call 0
    i32.const 124
    i32.const 9
    i32.const 1393
    i64.const 1
    call 0
    memory.fill
    i64.const 3
    call 0
    i32.const 2132
    i32.const 10
    i32.const 2758
    i64.const 1
    call 0
    memory.fill
    i64.const 3
    call 0
    i32.const 8987
    i32.const 11
    i32.const 3098
    i64.const 1
    call 0
    memory.fill
    i64.const 3
    call 0
    i32.const 52711
    i32.const 12
    i32.const 741
    i64.const 1
    call 0
    memory.fill
    i64.const 3
    call 0
    i32.const 3958
    i32.const 13
    i32.const 2823
    i64.const 1
    call 0
    memory.fill
    i64.const 3
    call 0
    i32.const 49715
    i32.const 14
    i32.const 1280
    i64.const 1
    call 0
    memory.fill
    i64.const 3
    call 0
    i32.const 50377
    i32.const 15
    i32.const 1466
    i64.const 1
    call 0
    memory.fill
    i64.const 3
    call 0
    i32.const 20493
    i32.const 16
    i32.const 3158
    i64.const 1
    call 0
    memory.fill
    i64.const 3
    call 0
    i32.const 47665
    i32.const 17
    i32.const 544
    i64.const 1
    call 0
    memory.fill
    i64.const 3
    call 0
    i32.const 12451
    i32.const 18
    i32.const 2669
    i64.const 1
    call 0
    memory.fill
    i64.const 3
    call 0
    i32.const 24869
    i32.const 19
    i32.const 2651
    i64.const 1
    call 0
    memory.fill
    i64.const 3
    call 0
    i32.const 45317
    i32.const 20
    i32.const 1570
    i64.const 1
    call 0
    memory.fill
    i64.const 3
    call 0
    i32.const 43096
    i32.const 21
    i32.const 1691
    i64.const 1
    call 0
    memory.fill
    i64.const 3
    call 0
    i32.const 33886
    i32.const 22
    i32.const 646
    i64.const 1
    call 0
    memory.fill
    i64.const 3
    call 0
    i32.const 48555
    i32.const 23
    i32.const 1858
    i64.const 1
    call 0
    memory.fill
    i64.const 3
    call 0
    i32.const 53453
    i32.const 24
    i32.const 2657
    i64.const 1
    call 0
    memory.fill
    i64.const 3
    call 0
    i32.const 30363
    i32.const 25
    i32.const 981
    i64.const 1
    call 0
    memory.fill
    i64.const 3
    call 0
    i32.const 9300
    i32.const 26
    i32.const 1807
    i64.const 1
    call 0
    memory.fill
    i64.const 3
    call 0
    i32.const 50190
    i32.const 27
    i32.const 487
    i64.const 1
    call 0
    memory.fill
    i64.const 3
    call 0
    i32.const 62753
    i32.const 28
    i32.const 530
    i64.const 1
    call 0
    memory.fill
    i64.const 3
    call 0
    i32.const 36316
    i32.const 29
    i32.const 943
    i64.const 1
    call 0
    memory.fill
    i64.const 3
    call 0
    i32.const 6768
    i32.const 30
    i32.const 381
    i64.const 1
    call 0
    memory.fill
    i64.const 3
    call 0
    i32.const 51262
    i32.const 31
    i32.const 3089
    i64.const 1
    call 0
    memory.fill
    i64.const 3
    call 0
    i32.const 49729
    i32.const 32
    i32.const 658
    i64.const 1
    call 0
    memory.fill
    i64.const 3
    call 0
    i32.const 44540
    i32.const 33
    i32.const 1702
    i64.const 1
    call 0
    memory.fill
    i64.const 3
    call 0
    i32.const 33342
    i32.const 34
    i32.const 1092
    i64.const 1
    call 0
    memory.fill
    i64.const 3
    call 0
    i32.const 50814
    i32.const 35
    i32.const 1410
    i64.const 1
    call 0
    memory.fill
    i64.const 3
    call 0
    i32.const 47594
    i32.const 36
    i32.const 2204
    i64.const 1
    call 0
    memory.fill
    i64.const 3
    call 0
    i32.const 54123
    i32.const 37
    i32.const 2394
    i64.const 1
    call 0
    memory.fill
    i64.const 3
    call 0
    i32.const 55183
    i32.const 38
    i32.const 250
    i64.const 1
    call 0
    memory.fill
    i64.const 3
    call 0
    i32.const 22620
    i32.const 39
    i32.const 2097
    i64.const 1
    call 0
    memory.fill
    i64.const 3
    call 0
    i32.const 17132
    i32.const 40
    i32.const 3264
    i64.const 1
    call 0
    memory.fill
    i64.const 3
    call 0
    i32.const 54331
    i32.const 41
    i32.const 3299
    i64.const 1
    call 0
    memory.fill
    i64.const 3
    call 0
    i32.const 39474
    i32.const 42
    i32.const 2796
    i64.const 1
    call 0
    memory.fill
    i64.const 3
    call 0
    i32.const 36156
    i32.const 43
    i32.const 2070
    i64.const 1
    call 0
    memory.fill
    i64.const 3
    call 0
    i32.const 35308
    i32.const 44
    i32.const 2763
    i64.const 1
    call 0
    memory.fill
    i64.const 3
    call 0
    i32.const 32731
    i32.const 45
    i32.const 312
    i64.const 1
    call 0
    memory.fill
    i64.const 3
    call 0
    i32.const 63746
    i32.const 46
    i32.const 192
    i64.const 1
    call 0
    memory.fill
    i64.const 3
    call 0
    i32.const 30974
    i32.const 47
    i32.const 596
    i64.const 1
    call 0
    memory.fill
    i64.const 3
    call 0
    i32.const 16635
    i32.const 48
    i32.const 501
    i64.const 1
    call 0
    memory.fill
    i64.const 3
    call 0
    i32.const 57002
    i32.const 49
    i32.const 686
    i64.const 1
    call 0
    memory.fill
    i64.const 3
    call 0
    i32.const 34299
    i32.const 50
    i32.const 385
    i64.const 1
    call 0
    memory.fill
    i64.const 3
    call 0
    i32.const 60881
    i32.const 51
    i32.const 903
    i64.const 1
    call 0
    memory.fill
    i64.const 3
    call 0
    i32.const 61445
    i32.const 52
    i32.const 2390
    i64.const 1
    call 0
    memory.fill
    i64.const 3
    call 0
    i32.const 46972
    i32.const 53
    i32.const 1441
    i64.const 1
    call 0
    memory.fill
    i64.const 3
    call 0
    i32.const 25973
    i32.const 54
    i32.const 3162
    i64.const 1
    call 0
    memory.fill
    i64.const 3
    call 0
    i32.const 5566
    i32.const 55
    i32.const 2135
    i64.const 1
    call 0
    memory.fill
    i64.const 3
    call 0
    i32.const 35977
    i32.const 56
    i32.const 519
    i64.const 1
    call 0
    memory.fill
    i64.const 3
    call 0
    i32.const 44892
    i32.const 57
    i32.const 3280
    i64.const 1
    call 0
    memory.fill
    i64.const 3
    call 0
    i32.const 46760
    i32.const 58
    i32.const 1678
    i64.const 1
    call 0
    memory.fill
    i64.const 3
    call 0
    i32.const 46607
    i32.const 59
    i32.const 3168
    i64.const 1
    call 0
    memory.fill
    i64.const 3
    call 0
    i32.const 22449
    i32.const 60
    i32.const 1441
    i64.const 1
    call 0
    memory.fill
    i64.const 3
    call 0
    i32.const 58609
    i32.const 61
    i32.const 663
    i64.const 1
    call 0
    memory.fill
    i64.const 3
    call 0
    i32.const 32261
    i32.const 62
    i32.const 1671
    i64.const 1
    call 0
    memory.fill
    i64.const 3
    call 0
    i32.const 3063
    i32.const 63
    i32.const 721
    i64.const 1
    call 0
    memory.fill
    i64.const 3
    call 0
    i32.const 34025
    i32.const 64
    i32.const 84
    i64.const 1
    call 0
    memory.fill
    i64.const 3
    call 0
    i32.const 33338
    i32.const 65
    i32.const 2029
    i64.const 1
    call 0
    memory.fill
    i64.const 3
    call 0
    i32.const 36810
    i32.const 66
    i32.const 29
    i64.const 1
    call 0
    memory.fill
    i64.const 3
    call 0
    i32.const 19147
    i32.const 67
    i32.const 3034
    i64.const 1
    call 0
    memory.fill
    i64.const 3
    call 0
    i32.const 12616
    i32.const 68
    i32.const 1043
    i64.const 1
    call 0
    memory.fill
    i64.const 3
    call 0
    i32.const 18276
    i32.const 69
    i32.const 3324
    i64.const 1
    call 0
    memory.fill
    i64.const 3
    call 0
    i32.const 4639
    i32.const 70
    i32.const 1091
    i64.const 1
    call 0
    memory.fill
    i64.const 3
    call 0
    i32.const 16158
    i32.const 71
    i32.const 1997
    i64.const 1
    call 0
    memory.fill
    i64.const 3
    call 0
    i32.const 18204
    i32.const 72
    i32.const 2259
    i64.const 1
    call 0
    memory.fill
    i64.const 3
    call 0
    i32.const 50532
    i32.const 73
    i32.const 3189
    i64.const 1
    call 0
    memory.fill
    i64.const 3
    call 0
    i32.const 11028
    i32.const 74
    i32.const 1968
    i64.const 1
    call 0
    memory.fill
    i64.const 3
    call 0
    i32.const 15962
    i32.const 75
    i32.const 1455
    i64.const 1
    call 0
    memory.fill
    i64.const 3
    call 0
    i32.const 45406
    i32.const 76
    i32.const 1177
    i64.const 1
    call 0
    memory.fill
    i64.const 3
    call 0
    i32.const 54137
    i32.const 77
    i32.const 1568
    i64.const 1
    call 0
    memory.fill
    i64.const 3
    call 0
    i32.const 33083
    i32.const 78
    i32.const 1642
    i64.const 1
    call 0
    memory.fill
    i64.const 3
    call 0
    i32.const 61028
    i32.const 79
    i32.const 3284
    i64.const 1
    call 0
    memory.fill
    i64.const 3
    call 0
    i32.const 51729
    i32.const 80
    i32.const 223
    i64.const 1
    call 0
    memory.fill
    i64.const 3
    call 0
    i32.const 4361
    i32.const 81
    i32.const 2171
    i64.const 1
    call 0
    memory.fill
    i64.const 3
    call 0
    i32.const 57514
    i32.const 82
    i32.const 1322
    i64.const 1
    call 0
    memory.fill
    i64.const 3
    call 0
    i32.const 55724
    i32.const 83
    i32.const 2648
    i64.const 1
    call 0
    memory.fill
    i64.const 3
    call 0
    i32.const 24091
    i32.const 84
    i32.const 1045
    i64.const 1
    call 0
    memory.fill
    i64.const 3
    call 0
    i32.const 43183
    i32.const 85
    i32.const 3097
    i64.const 1
    call 0
    memory.fill
    i64.const 3
    call 0
    i32.const 32307
    i32.const 86
    i32.const 2796
    i64.const 1
    call 0
    memory.fill
    i64.const 3
    call 0
    i32.const 3811
    i32.const 87
    i32.const 2010
    i64.const 1
    call 0
    memory.fill
    i64.const 3
    call 0
    i32.const 54856
    i32.const 88
    i32.const 0
    i64.const 1
    call 0
    memory.fill
    i64.const 3
    call 0
    i32.const 49941
    i32.const 89
    i32.const 2069
    i64.const 1
    call 0
    memory.fill
    i64.const 3
    call 0
    i32.const 20411
    i32.const 90
    i32.const 2896
    i64.const 1
    call 0
    memory.fill
    i64.const 3
    call 0
    i32.const 33826
    i32.const 91
    i32.const 192
    i64.const 1
    call 0
    memory.fill
    i64.const 3
    call 0
    i32.const 9402
    i32.const 92
    i32.const 2195
    i64.const 1
    call 0
    memory.fill
    i64.const 3
    call 0
    i32.const 12413
    i32.const 93
    i32.const 24
    i64.const 1
    call 0
    memory.fill
    i64.const 3
    call 0
    i32.const 14091
    i32.const 94
    i32.const 577
    i64.const 1
    call 0
    memory.fill
    i64.const 3
    call 0
    i32.const 44058
    i32.const 95
    i32.const 2089
    i64.const 1
    call 0
    memory.fill
    i64.const 3
    call 0
    i32.const 36735
    i32.const 96
    i32.const 3436
    i64.const 1
    call 0
    memory.fill
    i64.const 3
    call 0
    i32.const 23288
    i32.const 97
    i32.const 2765
    i64.const 1
    call 0
    memory.fill
    i64.const 3
    call 0
    i32.const 6392
    i32.const 98
    i32.const 830
    i64.const 1
    call 0
    memory.fill
    i64.const 3
    call 0
    i32.const 33307
    i32.const 99
    i32.const 1938
    i64.const 1
    call 0
    memory.fill
    i64.const 3
    call 0
    i32.const 21941
    i32.const 100
    i32.const 2750
    i64.const 1
    call 0
    memory.fill
    i64.const 3
    call 0
    i32.const 59214
    i32.const 54248
    i32.const 2098
    i64.const 1
    call 0
    memory.copy
    i64.const 3
    call 0
    i32.const 63026
    i32.const 39224
    i32.const 230
    i64.const 1
    call 0
    memory.copy
    i64.const 3
    call 0
    i32.const 51833
    i32.const 23629
    i32.const 2300
    i64.const 1
    call 0
    memory.copy
    i64.const 3
    call 0
    i32.const 6708
    i32.const 23996
    i32.const 639
    i64.const 1
    call 0
    memory.copy
    i64.const 3
    call 0
    i32.const 6990
    i32.const 33399
    i32.const 1097
    i64.const 1
    call 0
    memory.copy
    i64.const 3
    call 0
    i32.const 19403
    i32.const 10348
    i32.const 3197
    i64.const 1
    call 0
    memory.copy
    i64.const 3
    call 0
    i32.const 27308
    i32.const 54406
    i32.const 100
    i64.const 1
    call 0
    memory.copy
    i64.const 3
    call 0
    i32.const 27221
    i32.const 43682
    i32.const 1717
    i64.const 1
    call 0
    memory.copy
    i64.const 3
    call 0
    i32.const 60528
    i32.const 8629
    i32.const 119
    i64.const 1
    call 0
    memory.copy
    i64.const 3
    call 0
    i32.const 5947
    i32.const 2308
    i32.const 658
    i64.const 1
    call 0
    memory.copy
    i64.const 3
    call 0
    i32.const 4787
    i32.const 51631
    i32.const 2269
    i64.const 1
    call 0
    memory.copy
    i64.const 3
    call 0
    i32.const 12617
    i32.const 19197
    i32.const 833
    i64.const 1
    call 0
    memory.copy
    i64.const 3
    call 0
    i32.const 11854
    i32.const 46505
    i32.const 3300
    i64.const 1
    call 0
    memory.copy
    i64.const 3
    call 0
    i32.const 11376
    i32.const 45012
    i32.const 2281
    i64.const 1
    call 0
    memory.copy
    i64.const 3
    call 0
    i32.const 34186
    i32.const 6697
    i32.const 2572
    i64.const 1
    call 0
    memory.copy
    i64.const 3
    call 0
    i32.const 4936
    i32.const 1690
    i32.const 1328
    i64.const 1
    call 0
    memory.copy
    i64.const 3
    call 0
    i32.const 63164
    i32.const 7637
    i32.const 1670
    i64.const 1
    call 0
    memory.copy
    i64.const 3
    call 0
    i32.const 44568
    i32.const 18344
    i32.const 33
    i64.const 1
    call 0
    memory.copy
    i64.const 3
    call 0
    i32.const 43918
    i32.const 22348
    i32.const 1427
    i64.const 1
    call 0
    memory.copy
    i64.const 3
    call 0
    i32.const 46637
    i32.const 49819
    i32.const 1434
    i64.const 1
    call 0
    memory.copy
    i64.const 3
    call 0
    i32.const 63684
    i32.const 8755
    i32.const 834
    i64.const 1
    call 0
    memory.copy
    i64.const 3
    call 0
    i32.const 33485
    i32.const 20131
    i32.const 3317
    i64.const 1
    call 0
    memory.copy
    i64.const 3
    call 0
    i32.const 40575
    i32.const 54317
    i32.const 3201
    i64.const 1
    call 0
    memory.copy
    i64.const 3
    call 0
    i32.const 25812
    i32.const 59254
    i32.const 2452
    i64.const 1
    call 0
    memory.copy
    i64.const 3
    call 0
    i32.const 19678
    i32.const 56882
    i32.const 346
    i64.const 1
    call 0
    memory.copy
    i64.const 3
    call 0
    i32.const 15852
    i32.const 35914
    i32.const 2430
    i64.const 1
    call 0
    memory.copy
    i64.const 3
    call 0
    i32.const 11824
    i32.const 35574
    i32.const 300
    i64.const 1
    call 0
    memory.copy
    i64.const 3
    call 0
    i32.const 59427
    i32.const 13957
    i32.const 3153
    i64.const 1
    call 0
    memory.copy
    i64.const 3
    call 0
    i32.const 34299
    i32.const 60594
    i32.const 1281
    i64.const 1
    call 0
    memory.copy
    i64.const 3
    call 0
    i32.const 8964
    i32.const 12276
    i32.const 943
    i64.const 1
    call 0
    memory.copy
    i64.const 3
    call 0
    i32.const 2827
    i32.const 10425
    i32.const 1887
    i64.const 1
    call 0
    memory.copy
    i64.const 3
    call 0
    i32.const 43194
    i32.const 43910
    i32.const 738
    i64.const 1
    call 0
    memory.copy
    i64.const 3
    call 0
    i32.const 63038
    i32.const 18949
    i32.const 122
    i64.const 1
    call 0
    memory.copy
    i64.const 3
    call 0
    i32.const 24044
    i32.const 44761
    i32.const 1755
    i64.const 1
    call 0
    memory.copy
    i64.const 3
    call 0
    i32.const 22608
    i32.const 14755
    i32.const 702
    i64.const 1
    call 0
    memory.copy
    i64.const 3
    call 0
    i32.const 11284
    i32.const 26579
    i32.const 1830
    i64.const 1
    call 0
    memory.copy
    i64.const 3
    call 0
    i32.const 23092
    i32.const 20471
    i32.const 1064
    i64.const 1
    call 0
    memory.copy
    i64.const 3
    call 0
    i32.const 57248
    i32.const 54770
    i32.const 2631
    i64.const 1
    call 0
    memory.copy
    i64.const 3
    call 0
    i32.const 25492
    i32.const 1025
    i32.const 3113
    i64.const 1
    call 0
    memory.copy
    i64.const 3
    call 0
    i32.const 49588
    i32.const 44220
    i32.const 975
    i64.const 1
    call 0
    memory.copy
    i64.const 3
    call 0
    i32.const 28280
    i32.const 41722
    i32.const 2336
    i64.const 1
    call 0
    memory.copy
    i64.const 3
    call 0
    i32.const 61289
    i32.const 230
    i32.const 2872
    i64.const 1
    call 0
    memory.copy
    i64.const 3
    call 0
    i32.const 22480
    i32.const 52506
    i32.const 2197
    i64.const 1
    call 0
    memory.copy
    i64.const 3
    call 0
    i32.const 40553
    i32.const 9578
    i32.const 1958
    i64.const 1
    call 0
    memory.copy
    i64.const 3
    call 0
    i32.const 29004
    i32.const 20862
    i32.const 2186
    i64.const 1
    call 0
    memory.copy
    i64.const 3
    call 0
    i32.const 53029
    i32.const 43955
    i32.const 1037
    i64.const 1
    call 0
    memory.copy
    i64.const 3
    call 0
    i32.const 25476
    i32.const 35667
    i32.const 1650
    i64.const 1
    call 0
    memory.copy
    i64.const 3
    call 0
    i32.const 58516
    i32.const 45819
    i32.const 1986
    i64.const 1
    call 0
    memory.copy
    i64.const 3
    call 0
    i32.const 38297
    i32.const 5776
    i32.const 1955
    i64.const 1
    call 0
    memory.copy
    i64.const 3
    call 0
    i32.const 28503
    i32.const 55364
    i32.const 2368
    i64.const 1
    call 0
    memory.copy
    i64.const 3
    call 0
    i32.const 62619
    i32.const 18108
    i32.const 1356
    i64.const 1
    call 0
    memory.copy
    i64.const 3
    call 0
    i32.const 50149
    i32.const 13861
    i32.const 382
    i64.const 1
    call 0
    memory.copy
    i64.const 3
    call 0
    i32.const 16904
    i32.const 36341
    i32.const 1900
    i64.const 1
    call 0
    memory.copy
    i64.const 3
    call 0
    i32.const 48098
    i32.const 11358
    i32.const 2807
    i64.const 1
    call 0
    memory.copy
    i64.const 3
    call 0
    i32.const 28512
    i32.const 40362
    i32.const 323
    i64.const 1
    call 0
    memory.copy
    i64.const 3
    call 0
    i32.const 35506
    i32.const 27856
    i32.const 1670
    i64.const 1
    call 0
    memory.copy
    i64.const 3
    call 0
    i32.const 62970
    i32.const 53332
    i32.const 1341
    i64.const 1
    call 0
    memory.copy
    i64.const 3
    call 0
    i32.const 14133
    i32.const 46312
    i32.const 644
    i64.const 1
    call 0
    memory.copy
    i64.const 3
    call 0
    i32.const 29030
    i32.const 19074
    i32.const 496
    i64.const 1
    call 0
    memory.copy
    i64.const 3
    call 0
    i32.const 44952
    i32.const 47577
    i32.const 2784
    i64.const 1
    call 0
    memory.copy
    i64.const 3
    call 0
    i32.const 39559
    i32.const 44661
    i32.const 1350
    i64.const 1
    call 0
    memory.copy
    i64.const 3
    call 0
    i32.const 10352
    i32.const 29274
    i32.const 1475
    i64.const 1
    call 0
    memory.copy
    i64.const 3
    call 0
    i32.const 46911
    i32.const 46178
    i32.const 1467
    i64.const 1
    call 0
    memory.copy
    i64.const 3
    call 0
    i32.const 4905
    i32.const 28740
    i32.const 1895
    i64.const 1
    call 0
    memory.copy
    i64.const 3
    call 0
    i32.const 38012
    i32.const 57253
    i32.const 1751
    i64.const 1
    call 0
    memory.copy
    i64.const 3
    call 0
    i32.const 26446
    i32.const 27223
    i32.const 1127
    i64.const 1
    call 0
    memory.copy
    i64.const 3
    call 0
    i32.const 58835
    i32.const 24657
    i32.const 1063
    i64.const 1
    call 0
    memory.copy
    i64.const 3
    call 0
    i32.const 61356
    i32.const 38790
    i32.const 766
    i64.const 1
    call 0
    memory.copy
    i64.const 3
    call 0
    i32.const 44160
    i32.const 2284
    i32.const 1520
    i64.const 1
    call 0
    memory.copy
    i64.const 3
    call 0
    i32.const 32740
    i32.const 47237
    i32.const 3014
    i64.const 1
    call 0
    memory.copy
    i64.const 3
    call 0
    i32.const 11148
    i32.const 21260
    i32.const 1011
    i64.const 1
    call 0
    memory.copy
    i64.const 3
    call 0
    i32.const 7665
    i32.const 31612
    i32.const 3034
    i64.const 1
    call 0
    memory.copy
    i64.const 3
    call 0
    i32.const 18044
    i32.const 12987
    i32.const 3320
    i64.const 1
    call 0
    memory.copy
    i64.const 3
    call 0
    i32.const 57306
    i32.const 55905
    i32.const 308
    i64.const 1
    call 0
    memory.copy
    i64.const 3
    call 0
    i32.const 24675
    i32.const 16815
    i32.const 1155
    i64.const 1
    call 0
    memory.copy
    i64.const 3
    call 0
    i32.const 19900
    i32.const 10115
    i32.const 722
    i64.const 1
    call 0
    memory.copy
    i64.const 3
    call 0
    i32.const 2921
    i32.const 5935
    i32.const 2370
    i64.const 1
    call 0
    memory.copy
    i64.const 3
    call 0
    i32.const 32255
    i32.const 50095
    i32.const 2926
    i64.const 1
    call 0
    memory.copy
    i64.const 3
    call 0
    i32.const 15126
    i32.const 17299
    i32.const 2607
    i64.const 1
    call 0
    memory.copy
    i64.const 3
    call 0
    i32.const 45575
    i32.const 28447
    i32.const 2045
    i64.const 1
    call 0
    memory.copy
    i64.const 3
    call 0
    i32.const 55149
    i32.const 36113
    i32.const 2596
    i64.const 1
    call 0
    memory.copy
    i64.const 3
    call 0
    i32.const 28461
    i32.const 54157
    i32.const 1168
    i64.const 1
    call 0
    memory.copy
    i64.const 3
    call 0
    i32.const 47951
    i32.const 53385
    i32.const 3137
    i64.const 1
    call 0
    memory.copy
    i64.const 3
    call 0
    i32.const 30646
    i32.const 45155
    i32.const 2649
    i64.const 1
    call 0
    memory.copy
    i64.const 3
    call 0
    i32.const 5057
    i32.const 4295
    i32.const 52
    i64.const 1
    call 0
    memory.copy
    i64.const 3
    call 0
    i32.const 6692
    i32.const 24195
    i32.const 441
    i64.const 1
    call 0
    memory.copy
    i64.const 3
    call 0
    i32.const 32984
    i32.const 27117
    i32.const 3445
    i64.const 1
    call 0
    memory.copy
    i64.const 3
    call 0
    i32.const 32530
    i32.const 59372
    i32.const 2785
    i64.const 1
    call 0
    memory.copy
    i64.const 3
    call 0
    i32.const 34361
    i32.const 8962
    i32.const 2406
    i64.const 1
    call 0
    memory.copy
    i64.const 3
    call 0
    i32.const 17893
    i32.const 54538
    i32.const 3381
    i64.const 1
    call 0
    memory.copy
    i64.const 3
    call 0
    i32.const 22685
    i32.const 44151
    i32.const 136
    i64.const 1
    call 0
    memory.copy
    i64.const 3
    call 0
    i32.const 59089
    i32.const 7077
    i32.const 1045
    i64.const 1
    call 0
    memory.copy
    i64.const 3
    call 0
    i32.const 42945
    i32.const 55028
    i32.const 2389
    i64.const 1
    call 0
    memory.copy
    i64.const 3
    call 0
    i32.const 44693
    i32.const 20138
    i32.const 877
    i64.const 1
    call 0
    memory.copy
    i64.const 3
    call 0
    i32.const 36810
    i32.const 25196
    i32.const 3447
    i64.const 1
    call 0
    memory.copy
    i64.const 3
    call 0
    i32.const 45742
    i32.const 31888
    i32.const 854
    i64.const 1
    call 0
    memory.copy
    i64.const 3
    call 0
    i32.const 24236
    i32.const 31866
    i32.const 1377
    i64.const 1
    call 0
    memory.copy
    i64.const 3
    call 0
    i32.const 33778
    i32.const 692
    i32.const 1594
    i64.const 1
    call 0
    memory.copy
    i64.const 3
    call 0
    i32.const 60618
    i32.const 18585
    i32.const 2987
    i64.const 1
    call 0
    memory.copy
    i64.const 3
    call 0
    i32.const 50370
    i32.const 41271
    i32.const 1406
    i64.const 1
    call 0
    memory.copy
    i64.const 1
    call 0
  )
  (func (;3;) (type 1) (param $from i32) (param $to i32) (param $expected i32) (result i32)
    i64.const 1000002000008
    call 1
    i64.const 1
    call 0
    loop $cont ;; label = @1
      i64.const 4
      call 0
      local.get $from
      local.get $to
      i32.eq
      if ;; label = @2
        i64.const 2
        call 0
        i32.const -1
        return
        i64.const 1
        call 0
      end
      i64.const 2
      call 0
      local.get $from
      i32.load8_u
      i64.const 3
      call 0
      local.get $expected
      i32.eq
      if ;; label = @2
        i64.const 5
        call 0
        local.get $from
        i32.const 1
        i32.add
        local.set $from
        br 1 (;@1;)
        i64.const 1
        call 0
      end
      i64.const 3
      call 0
    end
    local.get $from
    return
    i64.const 1
    call 0
  )
  (memory (;0;) 1 1)
  (export "test" (func 2))
  (export "checkRange" (func 3))
)