(module
  (type $sig (;0;) (func (param i32 i32 i32) (result i32)))
  (type (;1;) (func (result i32)))
  (type (;2;) (func))
  (type (;3;) (func (param i32 i32) (result i32)))
  (type (;4;) (func (param i64)))
  (import "spectest" "finite_wasm_gas" (func $finite_wasm_gas (;0;) (type 4)))
  (import "spectest" "finite_wasm_stack" (func $finite_wasm_stack (;1;) (type 4)))
  (func (;2;) (type 1) (result i32)
    i64.const 1000000000004
    call $finite_wasm_stack
    i64.const 2
    call $finite_wasm_gas
    block (result i32) ;; label = @1
      i32.const 0
      i64.const 1
      call $finite_wasm_gas
      memory.grow
      i64.const 1
      call $finite_wasm_gas
      br 0 (;@1;)
      i64.const 1
      call $finite_wasm_gas
    end
    i64.const 1
    call $finite_wasm_gas
  )
  (func (;3;) (type 2)
    i64.const 1000000000004
    call $finite_wasm_stack
    i64.const 2
    call $finite_wasm_gas
    block ;; label = @1
      i32.const 0
      i64.const 1
      call $finite_wasm_gas
      memory.grow
      i64.const 1
      call $finite_wasm_gas
      br_if 0 (;@1;)
      i64.const 1
      call $finite_wasm_gas
    end
    i64.const 1
    call $finite_wasm_gas
  )
  (func (;4;) (type 1) (result i32)
    i64.const 1000000000008
    call $finite_wasm_stack
    i64.const 2
    call $finite_wasm_gas
    block (result i32) ;; label = @1
      i32.const 0
      i64.const 1
      call $finite_wasm_gas
      memory.grow
      i64.const 2
      call $finite_wasm_gas
      i32.const 1
      br_if 0 (;@1;)
      i64.const 3
      call $finite_wasm_gas
      drop
      i32.const 7
    end
    i64.const 1
    call $finite_wasm_gas
  )
  (func (;5;) (type 1) (result i32)
    i64.const 1000000000008
    call $finite_wasm_stack
    i64.const 3
    call $finite_wasm_gas
    block (result i32) ;; label = @1
      i32.const 6
      i32.const 0
      i64.const 1
      call $finite_wasm_gas
      memory.grow
      i64.const 1
      call $finite_wasm_gas
      br_if 0 (;@1;)
      i64.const 3
      call $finite_wasm_gas
      drop
      i32.const 7
    end
    i64.const 1
    call $finite_wasm_gas
  )
  (func (;6;) (type 2)
    i64.const 1000000000004
    call $finite_wasm_stack
    i64.const 2
    call $finite_wasm_gas
    block ;; label = @1
      i32.const 0
      i64.const 1
      call $finite_wasm_gas
      memory.grow
      i64.const 1
      call $finite_wasm_gas
      br_table 0 (;@1;) 0 (;@1;) 0 (;@1;)
      i64.const 1
      call $finite_wasm_gas
    end
    i64.const 1
    call $finite_wasm_gas
  )
  (func (;7;) (type 1) (result i32)
    i64.const 1000000000008
    call $finite_wasm_stack
    i64.const 2
    call $finite_wasm_gas
    block (result i32) ;; label = @1
      i32.const 0
      i64.const 1
      call $finite_wasm_gas
      memory.grow
      i64.const 2
      call $finite_wasm_gas
      i32.const 1
      br_table 0 (;@1;) 0 (;@1;) 0 (;@1;)
      i64.const 1
      call $finite_wasm_gas
      i32.const 7
      i64.const 1
      call $finite_wasm_gas
    end
    i64.const 1
    call $finite_wasm_gas
  )
  (func (;8;) (type 1) (result i32)
    i64.const 1000000000008
    call $finite_wasm_stack
    i64.const 3
    call $finite_wasm_gas
    block (result i32) ;; label = @1
      i32.const 6
      i32.const 0
      i64.const 1
      call $finite_wasm_gas
      memory.grow
      i64.const 1
      call $finite_wasm_gas
      br_table 0 (;@1;) 0 (;@1;)
      i64.const 1
      call $finite_wasm_gas
      i32.const 7
      i64.const 1
      call $finite_wasm_gas
    end
    i64.const 1
    call $finite_wasm_gas
  )
  (func (;9;) (type 1) (result i32)
    i64.const 1000000000004
    call $finite_wasm_stack
    i64.const 1
    call $finite_wasm_gas
    i32.const 0
    i64.const 1
    call $finite_wasm_gas
    memory.grow
    i64.const 1
    call $finite_wasm_gas
    return
    i64.const 1
    call $finite_wasm_gas
  )
  (func (;10;) (type 1) (result i32)
    i64.const 1000000000004
    call $finite_wasm_stack
    i64.const 1
    call $finite_wasm_gas
    i32.const 0
    i64.const 1
    call $finite_wasm_gas
    memory.grow
    i64.const 1
    call $finite_wasm_gas
    if (result i32) ;; label = @1
      i64.const 2
      call $finite_wasm_gas
      i32.const 0
    else
      i64.const 2
      call $finite_wasm_gas
      i32.const 1
    end
    i64.const 1
    call $finite_wasm_gas
  )
  (func (;11;) (type 1) (result i32)
    i64.const 1000000000004
    call $finite_wasm_stack
    i64.const 2
    call $finite_wasm_gas
    i32.const 1
    if (result i32) ;; label = @1
      i64.const 1
      call $finite_wasm_gas
      i32.const 0
      i64.const 1
      call $finite_wasm_gas
      memory.grow
      i64.const 1
      call $finite_wasm_gas
    else
      i64.const 2
      call $finite_wasm_gas
      i32.const 0
    end
    i64.const 1
    call $finite_wasm_gas
  )
  (func (;12;) (type 1) (result i32)
    i64.const 1000000000004
    call $finite_wasm_stack
    i64.const 2
    call $finite_wasm_gas
    i32.const 0
    if (result i32) ;; label = @1
      i64.const 2
      call $finite_wasm_gas
      i32.const 0
    else
      i64.const 1
      call $finite_wasm_gas
      i32.const 0
      i64.const 1
      call $finite_wasm_gas
      memory.grow
      i64.const 1
      call $finite_wasm_gas
    end
    i64.const 1
    call $finite_wasm_gas
  )
  (func (;13;) (type 3) (param i32 i32) (result i32)
    i64.const 1000001000012
    call $finite_wasm_stack
    i64.const 1
    call $finite_wasm_gas
    i32.const 0
    i64.const 1
    call $finite_wasm_gas
    memory.grow
    i64.const 4
    call $finite_wasm_gas
    local.get 0
    local.get 1
    select
  )
  (func (;14;) (type 3) (param i32 i32) (result i32)
    i64.const 1000001000012
    call $finite_wasm_stack
    i64.const 2
    call $finite_wasm_gas
    local.get 0
    i32.const 0
    i64.const 1
    call $finite_wasm_gas
    memory.grow
    i64.const 3
    call $finite_wasm_gas
    local.get 1
    select
  )
  (func (;15;) (type 1) (result i32)
    i64.const 1000000000012
    call $finite_wasm_stack
    i64.const 3
    call $finite_wasm_gas
    i32.const 0
    i32.const 1
    i32.const 0
    i64.const 1
    call $finite_wasm_gas
    memory.grow
    i64.const 2
    call $finite_wasm_gas
    select
  )
  (func $f (;16;) (type $sig) (param i32 i32 i32) (result i32)
    i64.const 1000002000004
    call $finite_wasm_stack
    i64.const 2
    call $finite_wasm_gas
    i32.const -1
  )
  (func (;17;) (type 1) (result i32)
    i64.const 1000000000012
    call $finite_wasm_stack
    i64.const 1
    call $finite_wasm_gas
    i32.const 0
    i64.const 1
    call $finite_wasm_gas
    memory.grow
    i64.const 3
    call $finite_wasm_gas
    i32.const 2
    i32.const 3
    call $f
    i64.const 1
    call $finite_wasm_gas
  )
  (func (;18;) (type 1) (result i32)
    i64.const 1000000000012
    call $finite_wasm_stack
    i64.const 2
    call $finite_wasm_gas
    i32.const 1
    i32.const 0
    i64.const 1
    call $finite_wasm_gas
    memory.grow
    i64.const 2
    call $finite_wasm_gas
    i32.const 3
    call $f
    i64.const 1
    call $finite_wasm_gas
  )
  (func (;19;) (type 1) (result i32)
    i64.const 1000000000012
    call $finite_wasm_stack
    i64.const 3
    call $finite_wasm_gas
    i32.const 1
    i32.const 2
    i32.const 0
    i64.const 1
    call $finite_wasm_gas
    memory.grow
    i64.const 1
    call $finite_wasm_gas
    call $f
    i64.const 1
    call $finite_wasm_gas
  )
  (func (;20;) (type 1) (result i32)
    i64.const 1000000000016
    call $finite_wasm_stack
    i64.const 1
    call $finite_wasm_gas
    i32.const 0
    i64.const 1
    call $finite_wasm_gas
    memory.grow
    i64.const 4
    call $finite_wasm_gas
    i32.const 2
    i32.const 3
    i32.const 0
    call_indirect (type $sig)
    i64.const 1
    call $finite_wasm_gas
  )
  (func (;21;) (type 1) (result i32)
    i64.const 1000000000016
    call $finite_wasm_stack
    i64.const 2
    call $finite_wasm_gas
    i32.const 1
    i32.const 0
    i64.const 1
    call $finite_wasm_gas
    memory.grow
    i64.const 3
    call $finite_wasm_gas
    i32.const 3
    i32.const 0
    call_indirect (type $sig)
    i64.const 1
    call $finite_wasm_gas
  )
  (func (;22;) (type 1) (result i32)
    i64.const 1000000000016
    call $finite_wasm_stack
    i64.const 3
    call $finite_wasm_gas
    i32.const 1
    i32.const 2
    i32.const 0
    i64.const 1
    call $finite_wasm_gas
    memory.grow
    i64.const 2
    call $finite_wasm_gas
    i32.const 0
    call_indirect (type $sig)
    i64.const 1
    call $finite_wasm_gas
  )
  (func (;23;) (type 1) (result i32)
    i64.const 1000000000016
    call $finite_wasm_stack
    i64.const 4
    call $finite_wasm_gas
    i32.const 1
    i32.const 2
    i32.const 3
    i32.const 0
    i64.const 1
    call $finite_wasm_gas
    memory.grow
    i64.const 1
    call $finite_wasm_gas
    call_indirect (type $sig)
    i64.const 1
    call $finite_wasm_gas
  )
  (func (;24;) (type 2)
    (local i32)
    i64.const 1000000000004
    call $finite_wasm_stack
    i64.const 1
    call $finite_wasm_gas
    i32.const 0
    i64.const 1
    call $finite_wasm_gas
    memory.grow
    i64.const 2
    call $finite_wasm_gas
    local.set 0
  )
  (func (;25;) (type 1) (result i32)
    (local i32)
    i64.const 1000000000004
    call $finite_wasm_stack
    i64.const 1
    call $finite_wasm_gas
    i32.const 0
    i64.const 1
    call $finite_wasm_gas
    memory.grow
    i64.const 2
    call $finite_wasm_gas
    local.tee 0
  )
  (func (;26;) (type 2)
    (local i32)
    i64.const 1000000000004
    call $finite_wasm_stack
    i64.const 1
    call $finite_wasm_gas
    i32.const 0
    i64.const 1
    call $finite_wasm_gas
    memory.grow
    i64.const 2
    call $finite_wasm_gas
    global.set $g
  )
  (func (;27;) (type 1) (result i32)
    i64.const 1000000000004
    call $finite_wasm_stack
    i64.const 1
    call $finite_wasm_gas
    i32.const 0
    i64.const 1
    call $finite_wasm_gas
    memory.grow
    i64.const 1
    call $finite_wasm_gas
    i32.load
    i64.const 1
    call $finite_wasm_gas
  )
  (func (;28;) (type 1) (result i32)
    i64.const 1000000000004
    call $finite_wasm_stack
    i64.const 1
    call $finite_wasm_gas
    i32.const 0
    i64.const 1
    call $finite_wasm_gas
    memory.grow
    i64.const 1
    call $finite_wasm_gas
    i32.load8_s
    i64.const 1
    call $finite_wasm_gas
  )
  (func (;29;) (type 2)
    i64.const 1000000000008
    call $finite_wasm_stack
    i64.const 1
    call $finite_wasm_gas
    i32.const 0
    i64.const 1
    call $finite_wasm_gas
    memory.grow
    i64.const 2
    call $finite_wasm_gas
    i32.const 7
    i32.store
    i64.const 1
    call $finite_wasm_gas
  )
  (func (;30;) (type 2)
    i64.const 1000000000008
    call $finite_wasm_stack
    i64.const 2
    call $finite_wasm_gas
    i32.const 2
    i32.const 0
    i64.const 1
    call $finite_wasm_gas
    memory.grow
    i64.const 1
    call $finite_wasm_gas
    i32.store
    i64.const 1
    call $finite_wasm_gas
  )
  (func (;31;) (type 2)
    i64.const 1000000000008
    call $finite_wasm_stack
    i64.const 1
    call $finite_wasm_gas
    i32.const 0
    i64.const 1
    call $finite_wasm_gas
    memory.grow
    i64.const 2
    call $finite_wasm_gas
    i32.const 7
    i32.store8
    i64.const 1
    call $finite_wasm_gas
  )
  (func (;32;) (type 2)
    i64.const 1000000000008
    call $finite_wasm_stack
    i64.const 2
    call $finite_wasm_gas
    i32.const 2
    i32.const 0
    i64.const 1
    call $finite_wasm_gas
    memory.grow
    i64.const 1
    call $finite_wasm_gas
    i32.store16
    i64.const 1
    call $finite_wasm_gas
  )
  (func (;33;) (type 1) (result i32)
    i64.const 1000000000004
    call $finite_wasm_stack
    i64.const 1
    call $finite_wasm_gas
    i32.const 0
    i64.const 1
    call $finite_wasm_gas
    memory.grow
    i64.const 2
    call $finite_wasm_gas
    i32.clz
  )
  (func (;34;) (type 1) (result i32)
    i64.const 1000000000008
    call $finite_wasm_stack
    i64.const 1
    call $finite_wasm_gas
    i32.const 0
    i64.const 1
    call $finite_wasm_gas
    memory.grow
    i64.const 3
    call $finite_wasm_gas
    i32.const 10
    i32.add
  )
  (func (;35;) (type 1) (result i32)
    i64.const 1000000000008
    call $finite_wasm_stack
    i64.const 2
    call $finite_wasm_gas
    i32.const 10
    i32.const 0
    i64.const 1
    call $finite_wasm_gas
    memory.grow
    i64.const 2
    call $finite_wasm_gas
    i32.sub
  )
  (func (;36;) (type 1) (result i32)
    i64.const 1000000000004
    call $finite_wasm_stack
    i64.const 1
    call $finite_wasm_gas
    i32.const 0
    i64.const 1
    call $finite_wasm_gas
    memory.grow
    i64.const 2
    call $finite_wasm_gas
    i32.eqz
  )
  (func (;37;) (type 1) (result i32)
    i64.const 1000000000008
    call $finite_wasm_stack
    i64.const 1
    call $finite_wasm_gas
    i32.const 0
    i64.const 1
    call $finite_wasm_gas
    memory.grow
    i64.const 3
    call $finite_wasm_gas
    i32.const 10
    i32.le_s
  )
  (func (;38;) (type 1) (result i32)
    i64.const 1000000000008
    call $finite_wasm_stack
    i64.const 2
    call $finite_wasm_gas
    i32.const 10
    i32.const 0
    i64.const 1
    call $finite_wasm_gas
    memory.grow
    i64.const 2
    call $finite_wasm_gas
    i32.ne
  )
  (func (;39;) (type 1) (result i32)
    i64.const 1000000000004
    call $finite_wasm_stack
    i64.const 1
    call $finite_wasm_gas
    i32.const 0
    i64.const 1
    call $finite_wasm_gas
    memory.grow
    i64.const 1
    call $finite_wasm_gas
    memory.grow
    i64.const 1
    call $finite_wasm_gas
  )
  (table (;0;) 1 1 funcref)
  (memory (;0;) 1)
  (global $g (;0;) (mut i32) i32.const 0)
  (export "as-br-value" (func 2))
  (export "as-br_if-cond" (func 3))
  (export "as-br_if-value" (func 4))
  (export "as-br_if-value-cond" (func 5))
  (export "as-br_table-index" (func 6))
  (export "as-br_table-value" (func 7))
  (export "as-br_table-value-index" (func 8))
  (export "as-return-value" (func 9))
  (export "as-if-cond" (func 10))
  (export "as-if-then" (func 11))
  (export "as-if-else" (func 12))
  (export "as-select-first" (func 13))
  (export "as-select-second" (func 14))
  (export "as-select-cond" (func 15))
  (export "as-call-first" (func 17))
  (export "as-call-mid" (func 18))
  (export "as-call-last" (func 19))
  (export "as-call_indirect-first" (func 20))
  (export "as-call_indirect-mid" (func 21))
  (export "as-call_indirect-last" (func 22))
  (export "as-call_indirect-index" (func 23))
  (export "as-local.set-value" (func 24))
  (export "as-local.tee-value" (func 25))
  (export "as-global.set-value" (func 26))
  (export "as-load-address" (func 27))
  (export "as-loadN-address" (func 28))
  (export "as-store-address" (func 29))
  (export "as-store-value" (func 30))
  (export "as-storeN-address" (func 31))
  (export "as-storeN-value" (func 32))
  (export "as-unary-operand" (func 33))
  (export "as-binary-left" (func 34))
  (export "as-binary-right" (func 35))
  (export "as-test-operand" (func 36))
  (export "as-compare-left" (func 37))
  (export "as-compare-right" (func 38))
  (export "as-memory.grow-size" (func 39))
  (elem (;0;) (i32.const 0) func)
)