(module
  (type (;0;) (func (param i32)))
  (type (;1;) (func (param i32 i32)))
  (type (;2;) (func (param i64)))
  (import "spectest" "finite_wasm_gas" (func (;0;) (type 2)))
  (import "spectest" "finite_wasm_stack" (func (;1;) (type 2)))
  (import "spectest" "print_i32" (func (;2;) (type 0)))
  (import "spectest" "print_i32" (func (;3;) (type 0)))
  (func (;4;) (type 1) (param i32 i32)
    i64.const 0
    call 3
    i64.const 1
    call 2
    local.get 0
    i64.const 1
    call 2
    call 2
    i64.const 1
    call 2
    local.get 1
    i64.const 1
    call 2
    call 3
    i64.const 1
    call 2
  )
  (export "print32" (func 4))
)