(module
  (type $proc (;0;) (func))
  (type (;1;) (func (param i32)))
  (type (;2;) (func (result i32)))
  (type (;3;) (func (param i64)))
  (import "spectest" "finite_wasm_gas" (func (;0;) (type 3)))
  (import "spectest" "finite_wasm_stack" (func (;1;) (type 3)))
  (func (;2;) (type $proc)
    i64.const 1000000000008
    call 1
    block ;; label = @1
      i64.const 2
      call 0
      i32.const 0
      call_indirect (type $proc)
      i64.const 1
      call 0
    end
    i64.const 3
    call 0
    loop ;; label = @1
      i32.const 0
      call_indirect (type $proc)
      i64.const 1
      call 0
    end
    i64.const 2
    call 0
    i32.const 0
    if ;; label = @1
      i64.const 1
      call 0
      i32.const 0
      i64.const 1
      call 0
      call_indirect (type $proc)
      i64.const 1
      call 0
    end
    i64.const 1
    call 0
    i32.const 0
    i64.const 1
    call 0
    if ;; label = @1
      i64.const 1
      call 0
      i32.const 0
      i64.const 1
      call 0
      call_indirect (type $proc)
      i64.const 1
      call 0
    else
      i64.const 1
      call 0
      i32.const 0
      i64.const 1
      call 0
      call_indirect (type $proc)
      i64.const 1
      call 0
    end
    i64.const 1
    call 0
    block ;; label = @1
      i64.const 2
      call 0
      i32.const 0
      call_indirect (type $proc)
      i64.const 1
      call 0
    end
    i64.const 3
    call 0
    loop ;; label = @1
      i32.const 0
      call_indirect (type $proc)
      i64.const 1
      call 0
    end
    i64.const 2
    call 0
    i32.const 0
    if ;; label = @1
      i64.const 1
      call 0
      i32.const 0
      i64.const 1
      call 0
      call_indirect (type $proc)
      i64.const 1
      call 0
    end
    i64.const 1
    call 0
    i32.const 0
    i64.const 1
    call 0
    if ;; label = @1
      i64.const 1
      call 0
      i32.const 0
      i64.const 1
      call 0
      call_indirect (type $proc)
      i64.const 1
      call 0
    else
      i64.const 1
      call 0
      i32.const 0
      i64.const 1
      call 0
      call_indirect (type $proc)
      i64.const 1
      call 0
    end
    i64.const 1
    call 0
    block ;; label = @1
      i64.const 3
      call 0
      i32.const 0
      i32.const 0
      call_indirect (type 1)
      i64.const 1
      call 0
    end
    i64.const 4
    call 0
    loop ;; label = @1
      i32.const 0
      i32.const 0
      call_indirect (type 1)
      i64.const 1
      call 0
    end
    i64.const 2
    call 0
    i32.const 0
    if ;; label = @1
      i64.const 1
      call 0
      i32.const 0
      i64.const 2
      call 0
      i32.const 0
      call_indirect (type 1)
      i64.const 1
      call 0
    end
    i64.const 1
    call 0
    i32.const 0
    i64.const 1
    call 0
    if ;; label = @1
      i64.const 1
      call 0
      i32.const 0
      i64.const 2
      call 0
      i32.const 0
      call_indirect (type 1)
      i64.const 1
      call 0
    else
      i64.const 1
      call 0
      i32.const 0
      i64.const 2
      call 0
      i32.const 0
      call_indirect (type 1)
      i64.const 1
      call 0
    end
    i64.const 1
    call 0
    block (result i32) ;; label = @1
      i64.const 2
      call 0
      i32.const 0
      call_indirect (type 2)
      i64.const 1
      call 0
    end
    i64.const 4
    call 0
    drop
    loop (result i32) ;; label = @1
      i32.const 0
      call_indirect (type 2)
      i64.const 1
      call 0
    end
    i64.const 3
    call 0
    drop
    i32.const 0
    if (result i32) ;; label = @1
      i64.const 1
      call 0
      i32.const 0
      i64.const 1
      call 0
      call_indirect (type 2)
      i64.const 1
      call 0
    else
      i64.const 1
      call 0
      i32.const 0
      i64.const 1
      call 0
      call_indirect (type 2)
      i64.const 1
      call 0
    end
    i64.const 1
    call 0
    drop
    i64.const 3
    call 0
    block ;; label = @1
      i32.const 0
      call_indirect (type $proc)
      i64.const 1
      call 0
    end
    i64.const 3
    call 0
    loop ;; label = @1
      i32.const 0
      call_indirect (type $proc)
      i64.const 1
      call 0
    end
    i64.const 2
    call 0
    i32.const 0
    if ;; label = @1
      i64.const 1
      call 0
      i32.const 0
      i64.const 1
      call 0
      call_indirect (type $proc)
      i64.const 1
      call 0
    end
    i64.const 1
    call 0
    i32.const 0
    i64.const 1
    call 0
    if ;; label = @1
      i64.const 1
      call 0
      i32.const 0
      i64.const 1
      call 0
      call_indirect (type $proc)
      i64.const 1
      call 0
    else
      i64.const 1
      call 0
      i32.const 0
      i64.const 1
      call 0
      call_indirect (type $proc)
      i64.const 1
      call 0
    end
    i64.const 1
    call 0
    block ;; label = @1
      i64.const 2
      call 0
      i32.const 0
      call_indirect (type $proc)
      i64.const 1
      call 0
    end
    i64.const 3
    call 0
    loop ;; label = @1
      i32.const 0
      call_indirect (type $proc)
      i64.const 1
      call 0
    end
    i64.const 2
    call 0
    i32.const 0
    if ;; label = @1
      i64.const 1
      call 0
      i32.const 0
      i64.const 1
      call 0
      call_indirect (type $proc)
      i64.const 1
      call 0
    end
    i64.const 1
    call 0
    i32.const 0
    i64.const 1
    call 0
    if ;; label = @1
      i64.const 1
      call 0
      i32.const 0
      i64.const 1
      call 0
      call_indirect (type $proc)
      i64.const 1
      call 0
    else
      i64.const 1
      call 0
      i32.const 0
      i64.const 1
      call 0
      call_indirect (type $proc)
      i64.const 1
      call 0
    end
    i64.const 1
    call 0
    block ;; label = @1
      i64.const 2
      call 0
      i32.const 0
      call_indirect (type $proc)
      i64.const 1
      call 0
    end
    i64.const 3
    call 0
    loop ;; label = @1
      i32.const 0
      call_indirect (type $proc)
      i64.const 1
      call 0
    end
    i64.const 2
    call 0
    i32.const 0
    if ;; label = @1
      i64.const 1
      call 0
      i32.const 0
      i64.const 1
      call 0
      call_indirect (type $proc)
      i64.const 1
      call 0
    end
    i64.const 1
    call 0
    i32.const 0
    i64.const 1
    call 0
    if ;; label = @1
      i64.const 1
      call 0
      i32.const 0
      i64.const 1
      call 0
      call_indirect (type $proc)
      i64.const 1
      call 0
    else
      i64.const 1
      call 0
      i32.const 0
      i64.const 1
      call 0
      call_indirect (type $proc)
      i64.const 1
      call 0
    end
    i64.const 1
    call 0
    block ;; label = @1
      i64.const 3
      call 0
      i32.const 0
      i32.const 0
      call_indirect (type 1)
      i64.const 1
      call 0
    end
    i64.const 4
    call 0
    loop ;; label = @1
      i32.const 0
      i32.const 0
      call_indirect (type 1)
      i64.const 1
      call 0
    end
    i64.const 2
    call 0
    i32.const 0
    if ;; label = @1
      i64.const 1
      call 0
      i32.const 0
      i64.const 2
      call 0
      i32.const 0
      call_indirect (type 1)
      i64.const 1
      call 0
    end
    i64.const 1
    call 0
    i32.const 0
    i64.const 1
    call 0
    if ;; label = @1
      i64.const 1
      call 0
      i32.const 0
      i64.const 2
      call 0
      i32.const 0
      call_indirect (type 1)
      i64.const 1
      call 0
    else
      i64.const 1
      call 0
      i32.const 0
      i64.const 2
      call 0
      i32.const 0
      call_indirect (type 1)
      i64.const 1
      call 0
    end
    i64.const 1
    call 0
    block (result i32) ;; label = @1
      i64.const 2
      call 0
      i32.const 0
      call_indirect (type 2)
      i64.const 1
      call 0
    end
    i64.const 4
    call 0
    drop
    loop (result i32) ;; label = @1
      i32.const 0
      call_indirect (type 2)
      i64.const 1
      call 0
    end
    i64.const 3
    call 0
    drop
    i32.const 0
    if (result i32) ;; label = @1
      i64.const 1
      call 0
      i32.const 0
      i64.const 1
      call 0
      call_indirect (type 2)
      i64.const 1
      call 0
    else
      i64.const 1
      call 0
      i32.const 0
      i64.const 1
      call 0
      call_indirect (type 2)
      i64.const 1
      call 0
    end
    i64.const 1
    call 0
    drop
    i64.const 3
    call 0
    block ;; label = @1
      i32.const 0
      call_indirect (type $proc)
      i64.const 1
      call 0
    end
    i64.const 3
    call 0
    loop ;; label = @1
      i32.const 0
      call_indirect (type $proc)
      i64.const 1
      call 0
    end
    i64.const 2
    call 0
    i32.const 0
    if ;; label = @1
      i64.const 1
      call 0
      i32.const 0
      i64.const 1
      call 0
      call_indirect (type $proc)
      i64.const 1
      call 0
    end
    i64.const 1
    call 0
    i32.const 0
    i64.const 1
    call 0
    if ;; label = @1
      i64.const 1
      call 0
      i32.const 0
      i64.const 1
      call 0
      call_indirect (type $proc)
      i64.const 1
      call 0
    else
      i64.const 1
      call 0
      i32.const 0
      i64.const 1
      call 0
      call_indirect (type $proc)
      i64.const 1
      call 0
    end
    i64.const 1
    call 0
    i32.const 0
    i64.const 1
    call 0
    call_indirect (type $proc)
    i64.const 1
    call 0
    end
    i64.const 1
    call 0
  )
  (table (;0;) 1 funcref)
)