(module
  (type (;0;) (func (result i32)))
  (type (;1;) (func (param i32)))
  (type (;2;) (func (param i64)))
  (type (;3;) (func (param i64 i64)))
  (type (;4;) (func (param i32 i64 i64) (result i32)))
  (import "spectest" "finite_wasm_gas" (func (;0;) (type 2)))
  (import "spectest" "finite_wasm_memory_copy" (func (;1;) (type 4)))
  (import "spectest" "finite_wasm_memory_fill" (func (;2;) (type 4)))
  (import "spectest" "finite_wasm_memory_init" (func (;3;) (type 4)))
  (import "spectest" "finite_wasm_table_copy" (func (;4;) (type 4)))
  (import "spectest" "finite_wasm_table_fill" (func (;5;) (type 4)))
  (import "spectest" "finite_wasm_table_init" (func (;6;) (type 4)))
  (import "spectest" "finite_wasm_stack" (func (;7;) (type 3)))
  (import "spectest" "finite_wasm_unstack" (func (;8;) (type 3)))
  (table $t0 (;0;) 0 externref)
  (table $t1 (;1;) 1 externref)
  (table $t2 (;2;) 0 2 externref)
  (table $t3 (;3;) 3 8 externref)
  (export "size-t0" (func 9))
  (export "size-t1" (func 10))
  (export "size-t2" (func 11))
  (export "size-t3" (func 12))
  (export "grow-t0" (func 13))
  (export "grow-t1" (func 14))
  (export "grow-t2" (func 15))
  (export "grow-t3" (func 16))
  (func (;9;) (type 0) (result i32)
    block (result i32) ;; label = @1
      i64.const 4
      i64.const 0
      call 7
      i64.const 1
      call 0
      table.size $t0
    end
    i64.const 4
    i64.const 0
    call 8
  )
  (func (;10;) (type 0) (result i32)
    block (result i32) ;; label = @1
      i64.const 4
      i64.const 0
      call 7
      i64.const 1
      call 0
      table.size $t1
    end
    i64.const 4
    i64.const 0
    call 8
  )
  (func (;11;) (type 0) (result i32)
    block (result i32) ;; label = @1
      i64.const 4
      i64.const 0
      call 7
      i64.const 1
      call 0
      table.size $t2
    end
    i64.const 4
    i64.const 0
    call 8
  )
  (func (;12;) (type 0) (result i32)
    block (result i32) ;; label = @1
      i64.const 4
      i64.const 0
      call 7
      i64.const 1
      call 0
      table.size $t3
    end
    i64.const 4
    i64.const 0
    call 8
  )
  (func (;13;) (type 1) (param $sz i32)
    block ;; label = @1
      i64.const 36
      i64.const 1
      call 7
      i64.const 2
      call 0
      ref.null extern
      local.get $sz
      i64.const 1
      call 0
      table.grow $t0
      i64.const 1
      call 0
      drop
    end
    i64.const 36
    i64.const 1
    call 8
  )
  (func (;14;) (type 1) (param $sz i32)
    block ;; label = @1
      i64.const 36
      i64.const 1
      call 7
      i64.const 2
      call 0
      ref.null extern
      local.get $sz
      i64.const 1
      call 0
      table.grow $t1
      i64.const 1
      call 0
      drop
    end
    i64.const 36
    i64.const 1
    call 8
  )
  (func (;15;) (type 1) (param $sz i32)
    block ;; label = @1
      i64.const 36
      i64.const 1
      call 7
      i64.const 2
      call 0
      ref.null extern
      local.get $sz
      i64.const 1
      call 0
      table.grow $t2
      i64.const 1
      call 0
      drop
    end
    i64.const 36
    i64.const 1
    call 8
  )
  (func (;16;) (type 1) (param $sz i32)
    block ;; label = @1
      i64.const 36
      i64.const 1
      call 7
      i64.const 2
      call 0
      ref.null extern
      local.get $sz
      i64.const 1
      call 0
      table.grow $t3
      i64.const 1
      call 0
      drop
    end
    i64.const 36
    i64.const 1
    call 8
  )
)

(assert_return (invoke "size-t0") (i32.const 0))
(assert_return (invoke "grow-t0" (i32.const 1)))
(assert_return (invoke "size-t0") (i32.const 1))
(assert_return (invoke "grow-t0" (i32.const 4)))
(assert_return (invoke "size-t0") (i32.const 5))
(assert_return (invoke "grow-t0" (i32.const 0)))
(assert_return (invoke "size-t0") (i32.const 5))

(assert_return (invoke "size-t1") (i32.const 1))
(assert_return (invoke "grow-t1" (i32.const 1)))
(assert_return (invoke "size-t1") (i32.const 2))
(assert_return (invoke "grow-t1" (i32.const 4)))
(assert_return (invoke "size-t1") (i32.const 6))
(assert_return (invoke "grow-t1" (i32.const 0)))
(assert_return (invoke "size-t1") (i32.const 6))

(assert_return (invoke "size-t2") (i32.const 0))
(assert_return (invoke "grow-t2" (i32.const 3)))
(assert_return (invoke "size-t2") (i32.const 0))
(assert_return (invoke "grow-t2" (i32.const 1)))
(assert_return (invoke "size-t2") (i32.const 1))
(assert_return (invoke "grow-t2" (i32.const 0)))
(assert_return (invoke "size-t2") (i32.const 1))
(assert_return (invoke "grow-t2" (i32.const 4)))
(assert_return (invoke "size-t2") (i32.const 1))
(assert_return (invoke "grow-t2" (i32.const 1)))
(assert_return (invoke "size-t2") (i32.const 2))

(assert_return (invoke "size-t3") (i32.const 3))
(assert_return (invoke "grow-t3" (i32.const 1)))
(assert_return (invoke "size-t3") (i32.const 4))
(assert_return (invoke "grow-t3" (i32.const 3)))
(assert_return (invoke "size-t3") (i32.const 7))
(assert_return (invoke "grow-t3" (i32.const 0)))
(assert_return (invoke "size-t3") (i32.const 7))
(assert_return (invoke "grow-t3" (i32.const 2)))
(assert_return (invoke "size-t3") (i32.const 7))
(assert_return (invoke "grow-t3" (i32.const 1)))
(assert_return (invoke "size-t3") (i32.const 8))


;; Type errors

