(module
  (type (;0;) (func))
  (type (;1;) (func (param i64)))
  (type (;2;) (func (param i64 i64)))
  (import "spectest" "finite_wasm_gas" (func (;0;) (type 1)))
  (import "spectest" "finite_wasm_stack" (func (;1;) (type 2)))
  (import "spectest" "finite_wasm_unstack" (func (;2;) (type 2)))
  (func (;3;) (type 0)
    i64.const 1
    call 0
    nop
  )
)

(module
  (type (;0;) (func))
  (type (;1;) (func (param i64)))
  (type (;2;) (func (param i64 i64)))
  (import "spectest" "finite_wasm_gas" (func (;0;) (type 1)))
  (import "spectest" "finite_wasm_stack" (func (;1;) (type 2)))
  (import "spectest" "finite_wasm_unstack" (func (;2;) (type 2)))
  (func (;3;) (type 0)
    i64.const 2
    call 0
    nop
    nop
  )
)

(module
  (type (;0;) (func))
  (type (;1;) (func (param i64)))
  (type (;2;) (func (param i64 i64)))
  (import "spectest" "finite_wasm_gas" (func (;0;) (type 1)))
  (import "spectest" "finite_wasm_stack" (func (;1;) (type 2)))
  (import "spectest" "finite_wasm_unstack" (func (;2;) (type 2)))
  (func (;3;) (type 0)
    i64.const 2
    call 0
    nop
    nop
  )
)

(module
  (type (;0;) (func))
  (type (;1;) (func (param i64)))
  (type (;2;) (func (param i64 i64)))
  (import "spectest" "finite_wasm_gas" (func (;0;) (type 1)))
  (import "spectest" "finite_wasm_stack" (func (;1;) (type 2)))
  (import "spectest" "finite_wasm_unstack" (func (;2;) (type 2)))
  (func (;3;) (type 0)
    i64.const 2
    call 0
    nop
    nop
  )
)

(module
  (type (;0;) (func))
  (type (;1;) (func (param i64)))
  (type (;2;) (func (param i64 i64)))
  (import "spectest" "finite_wasm_gas" (func $finite_wasm_gas (;0;) (type 1)))
  (import "spectest" "finite_wasm_stack" (func $finite_wasm_stack (;1;) (type 2)))
  (import "spectest" "finite_wasm_unstack" (func $finite_wasm_unstack (;2;) (type 2)))
  (func $f (;3;) (type 0)
    i64.const 1
    call $finite_wasm_gas
    nop
  )
)

(module
  (type (;0;) (func))
  (type (;1;) (func (param i64)))
  (type (;2;) (func (param i64 i64)))
  (import "spectest" "finite_wasm_gas" (func (;0;) (type 1)))
  (import "spectest" "finite_wasm_stack" (func (;1;) (type 2)))
  (import "spectest" "finite_wasm_unstack" (func (;2;) (type 2)))
  (func (;3;) (type 0)
    i64.const 1
    call 0
    br 0
    nop
  )
)

(module
  (type (;0;) (func))
  (type (;1;) (func (param i64)))
  (type (;2;) (func (param i64 i64)))
  (import "spectest" "finite_wasm_gas" (func (;0;) (type 1)))
  (import "spectest" "finite_wasm_stack" (func (;1;) (type 2)))
  (import "spectest" "finite_wasm_unstack" (func (;2;) (type 2)))
  (table (;0;) 1 funcref)
  (elem (;0;) (i32.const 0) func 3)
  (func (;3;) (type 0))
)

(module
  (type (;0;) (func))
  (type (;1;) (func (param i64)))
  (type (;2;) (func (param i64 i64)))
  (import "spectest" "finite_wasm_gas" (func $finite_wasm_gas (;0;) (type 1)))
  (import "spectest" "finite_wasm_stack" (func $finite_wasm_stack (;1;) (type 2)))
  (import "spectest" "finite_wasm_unstack" (func $finite_wasm_unstack (;2;) (type 2)))
  (table (;0;) 1 funcref)
  (elem (;0;) (i32.const 0) func $f)
  (func $f (;3;) (type 0))
)

(module
  (memory (;0;) 1)
  (data (;0;) (i32.const 0) "a")
)

(module
  (type (;0;) (func))
  (type (;1;) (func (param i64)))
  (type (;2;) (func (param i64 i64)))
  (import "spectest" "finite_wasm_gas" (func (;0;) (type 1)))
  (import "spectest" "finite_wasm_stack" (func (;1;) (type 2)))
  (import "spectest" "finite_wasm_unstack" (func (;2;) (type 2)))
  (import "spectest" "print" (func (;3;) (type 0)))
)

(module
  (type (;0;) (func))
  (type (;1;) (func (param i64)))
  (type (;2;) (func (param i64 i64)))
  (import "spectest" "finite_wasm_gas" (func (;0;) (type 1)))
  (import "spectest" "finite_wasm_stack" (func (;1;) (type 2)))
  (import "spectest" "finite_wasm_unstack" (func (;2;) (type 2)))
  (func (;3;) (type 0))
)

(module
  (type (;0;) (func))
  (type (;1;) (func (param i64)))
  (type (;2;) (func (param i64 i64)))
  (import "spectest" "finite_wasm_gas" (func (;0;) (type 1)))
  (import "spectest" "finite_wasm_stack" (func (;1;) (type 2)))
  (import "spectest" "finite_wasm_unstack" (func (;2;) (type 2)))
  (func (;3;) (type 0)
    i64.const 1
    call 0
    nop
  )
)

(module
  (type (;0;) (func))
  (type (;1;) (func (param i64)))
  (type (;2;) (func (param i64 i64)))
  (import "spectest" "finite_wasm_gas" (func (;0;) (type 1)))
  (import "spectest" "finite_wasm_stack" (func (;1;) (type 2)))
  (import "spectest" "finite_wasm_unstack" (func (;2;) (type 2)))
  (func (;3;) (type 0)
    i64.const 1
    call 0
    nop
  )
)

(module
  (type (;0;) (func))
  (type (;1;) (func (param i64)))
  (type (;2;) (func (param i64 i64)))
  (import "spectest" "finite_wasm_gas" (func $finite_wasm_gas (;0;) (type 1)))
  (import "spectest" "finite_wasm_stack" (func $finite_wasm_stack (;1;) (type 2)))
  (import "spectest" "finite_wasm_unstack" (func $finite_wasm_unstack (;2;) (type 2)))
  (func $f (;3;) (type 0))
)

(module
  (type (;0;) (func))
  (type (;1;) (func (param i64)))
  (type (;2;) (func (param i64 i64)))
  (import "spectest" "finite_wasm_gas" (func (;0;) (type 1)))
  (import "spectest" "finite_wasm_stack" (func (;1;) (type 2)))
  (import "spectest" "finite_wasm_unstack" (func (;2;) (type 2)))
  (func (;3;) (type 0)
    i64.const 1
    call 0
    br 0
  )
)

(module
  (data (;0;) "a")
)

(module
  (type (;0;) (func))
  (type (;1;) (func (param i64)))
  (type (;2;) (func (param i64 i64)))
  (import "spectest" "finite_wasm_gas" (func (;0;) (type 1)))
  (import "spectest" "finite_wasm_stack" (func (;1;) (type 2)))
  (import "spectest" "finite_wasm_unstack" (func (;2;) (type 2)))
  (func (;3;) (type 0)
    block $l
      i64.const 4
      i64.const 0
      call 1
      i64.const 3
      call 0
      block ;; label = @2
        i32.const 0
        br_table 0 (;@2;) 0 (;@2;)
      end
    end
    i64.const 4
    i64.const 0
    call 2
  )
)

(module
  (type (;0;) (func))
  (type (;1;) (func (param i64)))
  (type (;2;) (func (param i64 i64)))
  (import "spectest" "finite_wasm_gas" (func (;0;) (type 1)))
  (import "spectest" "finite_wasm_stack" (func (;1;) (type 2)))
  (import "spectest" "finite_wasm_unstack" (func (;2;) (type 2)))
  (func (;3;) (type 0)
    block $l
      i64.const 4
      i64.const 0
      call 1
      i64.const 3
      call 0
      block ;; label = @2
        i32.const 0
        br_table 0 (;@2;) 0 (;@2;)
      end
    end
    i64.const 4
    i64.const 0
    call 2
  )
)

(module
  (type (;0;) (func))
  (type (;1;) (func (param i64)))
  (type (;2;) (func (param i64 i64)))
  (import "spectest" "finite_wasm_gas" (func (;0;) (type 1)))
  (import "spectest" "finite_wasm_stack" (func (;1;) (type 2)))
  (import "spectest" "finite_wasm_unstack" (func (;2;) (type 2)))
  (func (;3;) (type 0)
    block $l
      i64.const 4
      i64.const 0
      call 1
      i64.const 3
      call 0
      block ;; label = @2
        i32.const 0
        br_table 0 (;@2;) 0 (;@2;)
      end
    end
    i64.const 4
    i64.const 0
    call 2
  )
)

(module
  (type (;0;) (func))
  (type (;1;) (func (param i64)))
  (type (;2;) (func (param i64 i64)))
  (import "spectest" "finite_wasm_gas" (func (;0;) (type 1)))
  (import "spectest" "finite_wasm_stack" (func (;1;) (type 2)))
  (import "spectest" "finite_wasm_unstack" (func (;2;) (type 2)))
  (func (;3;) (type 0)
    block $l0
      i64.const 4
      i64.const 0
      call 1
      i64.const 3
      call 0
      block ;; label = @2
        i32.const 0
        br_table 0 (;@2;)
      end
    end
    i64.const 4
    i64.const 0
    call 2
  )
)

(module
  (type (;0;) (func))
  (type (;1;) (func (param i64)))
  (type (;2;) (func (param i64 i64)))
  (import "spectest" "finite_wasm_gas" (func (;0;) (type 1)))
  (import "spectest" "finite_wasm_stack" (func (;1;) (type 2)))
  (import "spectest" "finite_wasm_unstack" (func (;2;) (type 2)))
  (func (;3;) (type 0)
    block $l$l
      i64.const 4
      i64.const 0
      call 1
      i64.const 3
      call 0
      block ;; label = @2
        i32.const 0
        br_table 0 (;@2;)
      end
    end
    i64.const 4
    i64.const 0
    call 2
  )
)

(module
  (data (;0;) "a")
)

(module
  (data $l (;0;) "a")
)

(module
  (data $l (;0;) " a")
)

(module
  (data $l (;0;) "a ")
)

(module
  (data $l (;0;) "a b")
)

(module
  (data $l (;0;) "\ef\98\9a\ef\92\a9")
)

(module
  (data $l (;0;) " \ef\98\9a\ef\92\a9")
)

(module
  (data $l (;0;) "\ef\98\9a\ef\92\a9 ")
)

(module
  (data (;0;) "ab")
)

(module
  (data (;0;) "a b")
)

(module
  (data (;0;) "a b")
)

(module
  (data (;0;) "\ef\98\9a\ef\92\a9\ef\98\9a\ef\92\a9")
)

(module
  (data (;0;) "\ef\98\9a\ef\92\a9 \ef\98\9a\ef\92\a9")
)

(module
  (data (;0;) "\ef\98\9a\ef\92\a9 \ef\98\9a\ef\92\a9")
)

