(module
  (type (;0;) (func (result v128)))
  (type (;1;) (func (param i64)))
  (import "spectest" "finite_wasm_gas" (func (;0;) (type 1)))
  (import "spectest" "finite_wasm_stack" (func (;1;) (type 1)))
  (func (;2;) (type 0) (result v128)
    v128.const i32x4 0xa6800000 0xa6800000 0xa6800000 0xa6800000
  )
  (export "f" (func 2))
)