(module
  (type (;0;) (func (param v128) (result v128)))
  (type (;1;) (func (param i64)))
  (import "spectest" "finite_wasm_gas" (func (;0;) (type 1)))
  (import "spectest" "finite_wasm_stack" (func (;1;) (type 1)))
  (func (;2;) (type 0) (param v128) (result v128)
    i64.const 1000000000016
    call 1
    local.get 0
    i64.const 4
    call 0
    i64x2.abs
    i64x2.abs
  )
  (export "i64x2.abs-i64x2.abs" (func 2))
)